Archive member included because of file (symbol)

/Users/brbuller/Development/pebble/PebbleSDK-3.0-dp1/Pebble/basalt/lib/libpebble.a(tmppDYYCYpebble.o)
                              src/lgs.c.82.o (app_event_loop)

Allocating common symbols
Common symbol       size              file

temp_layer_1        0x4               src/lgs.c.82.o
icon_layer          0x4               src/lgs.c.82.o
temp_layer_2        0x4               src/lgs.c.82.o

Discarded input sections

 .text          0x0000000000000000        0x0 /Users/brbuller/Development/pebble/PebbleSDK-3.0-dp1/arm-cs-tools/bin/../lib/gcc/arm-none-eabi/4.7.2/thumb2/crti.o
 .bss           0x0000000000000000        0x0 /Users/brbuller/Development/pebble/PebbleSDK-3.0-dp1/arm-cs-tools/bin/../lib/gcc/arm-none-eabi/4.7.2/thumb2/crti.o
 .init          0x0000000000000000        0x4 /Users/brbuller/Development/pebble/PebbleSDK-3.0-dp1/arm-cs-tools/bin/../lib/gcc/arm-none-eabi/4.7.2/thumb2/crti.o
 .fini          0x0000000000000000        0x4 /Users/brbuller/Development/pebble/PebbleSDK-3.0-dp1/arm-cs-tools/bin/../lib/gcc/arm-none-eabi/4.7.2/thumb2/crti.o
 .text          0x0000000000000000       0xc8 /Users/brbuller/Development/pebble/PebbleSDK-3.0-dp1/arm-cs-tools/bin/../lib/gcc/arm-none-eabi/4.7.2/thumb2/crtbegin.o
 .bss           0x0000000000000000       0x1c /Users/brbuller/Development/pebble/PebbleSDK-3.0-dp1/arm-cs-tools/bin/../lib/gcc/arm-none-eabi/4.7.2/thumb2/crtbegin.o
 .init_array    0x0000000000000000        0x4 /Users/brbuller/Development/pebble/PebbleSDK-3.0-dp1/arm-cs-tools/bin/../lib/gcc/arm-none-eabi/4.7.2/thumb2/crtbegin.o
 .fini_array    0x0000000000000000        0x4 /Users/brbuller/Development/pebble/PebbleSDK-3.0-dp1/arm-cs-tools/bin/../lib/gcc/arm-none-eabi/4.7.2/thumb2/crtbegin.o
 .eh_frame      0x0000000000000000        0x0 /Users/brbuller/Development/pebble/PebbleSDK-3.0-dp1/arm-cs-tools/bin/../lib/gcc/arm-none-eabi/4.7.2/thumb2/crtbegin.o
 .jcr           0x0000000000000000        0x0 /Users/brbuller/Development/pebble/PebbleSDK-3.0-dp1/arm-cs-tools/bin/../lib/gcc/arm-none-eabi/4.7.2/thumb2/crtbegin.o
 .tm_clone_table
                0x0000000000000000        0x0 /Users/brbuller/Development/pebble/PebbleSDK-3.0-dp1/arm-cs-tools/bin/../lib/gcc/arm-none-eabi/4.7.2/thumb2/crtbegin.o
 .text          0x0000000000000000        0x0 src/lgs.c.82.o
 .bss           0x0000000000000000        0x0 src/lgs.c.82.o
 .text          0x0000000000000000        0x0 basalt/appinfo.auto.c.82.o
 .bss           0x0000000000000000        0x0 basalt/appinfo.auto.c.82.o
 .bss           0x0000000000000000        0x0 /Users/brbuller/Development/pebble/PebbleSDK-3.0-dp1/Pebble/basalt/lib/libpebble.a(tmppDYYCYpebble.o)
 .text.accel_data_service_subscribe__deprecated
                0x0000000000000000        0xc /Users/brbuller/Development/pebble/PebbleSDK-3.0-dp1/Pebble/basalt/lib/libpebble.a(tmppDYYCYpebble.o)
 .text.accel_data_service_unsubscribe
                0x0000000000000000        0xc /Users/brbuller/Development/pebble/PebbleSDK-3.0-dp1/Pebble/basalt/lib/libpebble.a(tmppDYYCYpebble.o)
 .text.accel_service_peek
                0x0000000000000000        0xc /Users/brbuller/Development/pebble/PebbleSDK-3.0-dp1/Pebble/basalt/lib/libpebble.a(tmppDYYCYpebble.o)
 .text.accel_service_set_samples_per_update
                0x0000000000000000        0xc /Users/brbuller/Development/pebble/PebbleSDK-3.0-dp1/Pebble/basalt/lib/libpebble.a(tmppDYYCYpebble.o)
 .text.accel_service_set_sampling_rate
                0x0000000000000000        0xc /Users/brbuller/Development/pebble/PebbleSDK-3.0-dp1/Pebble/basalt/lib/libpebble.a(tmppDYYCYpebble.o)
 .text.accel_tap_service_subscribe
                0x0000000000000000        0xc /Users/brbuller/Development/pebble/PebbleSDK-3.0-dp1/Pebble/basalt/lib/libpebble.a(tmppDYYCYpebble.o)
 .text.accel_tap_service_unsubscribe
                0x0000000000000000        0xc /Users/brbuller/Development/pebble/PebbleSDK-3.0-dp1/Pebble/basalt/lib/libpebble.a(tmppDYYCYpebble.o)
 .text.action_bar_layer_add_to_window
                0x0000000000000000        0xc /Users/brbuller/Development/pebble/PebbleSDK-3.0-dp1/Pebble/basalt/lib/libpebble.a(tmppDYYCYpebble.o)
 .text.action_bar_layer_clear_icon
                0x0000000000000000        0xc /Users/brbuller/Development/pebble/PebbleSDK-3.0-dp1/Pebble/basalt/lib/libpebble.a(tmppDYYCYpebble.o)
 .text.action_bar_layer_create
                0x0000000000000000        0xc /Users/brbuller/Development/pebble/PebbleSDK-3.0-dp1/Pebble/basalt/lib/libpebble.a(tmppDYYCYpebble.o)
 .text.action_bar_layer_destroy
                0x0000000000000000        0xc /Users/brbuller/Development/pebble/PebbleSDK-3.0-dp1/Pebble/basalt/lib/libpebble.a(tmppDYYCYpebble.o)
 .text.action_bar_layer_get_layer
                0x0000000000000000        0xc /Users/brbuller/Development/pebble/PebbleSDK-3.0-dp1/Pebble/basalt/lib/libpebble.a(tmppDYYCYpebble.o)
 .text.action_bar_layer_remove_from_window
                0x0000000000000000        0xc /Users/brbuller/Development/pebble/PebbleSDK-3.0-dp1/Pebble/basalt/lib/libpebble.a(tmppDYYCYpebble.o)
 .text.action_bar_layer_set_background_color_2bit
                0x0000000000000000        0xc /Users/brbuller/Development/pebble/PebbleSDK-3.0-dp1/Pebble/basalt/lib/libpebble.a(tmppDYYCYpebble.o)
 .text.action_bar_layer_set_click_config_provider
                0x0000000000000000        0xc /Users/brbuller/Development/pebble/PebbleSDK-3.0-dp1/Pebble/basalt/lib/libpebble.a(tmppDYYCYpebble.o)
 .text.action_bar_layer_set_context
                0x0000000000000000        0xc /Users/brbuller/Development/pebble/PebbleSDK-3.0-dp1/Pebble/basalt/lib/libpebble.a(tmppDYYCYpebble.o)
 .text.action_bar_layer_set_icon
                0x0000000000000000        0xc /Users/brbuller/Development/pebble/PebbleSDK-3.0-dp1/Pebble/basalt/lib/libpebble.a(tmppDYYCYpebble.o)
 .text.animation_legacy2_create
                0x0000000000000000        0xc /Users/brbuller/Development/pebble/PebbleSDK-3.0-dp1/Pebble/basalt/lib/libpebble.a(tmppDYYCYpebble.o)
 .text.animation_legacy2_destroy
                0x0000000000000000        0xc /Users/brbuller/Development/pebble/PebbleSDK-3.0-dp1/Pebble/basalt/lib/libpebble.a(tmppDYYCYpebble.o)
 .text.animation_legacy2_get_context
                0x0000000000000000        0xc /Users/brbuller/Development/pebble/PebbleSDK-3.0-dp1/Pebble/basalt/lib/libpebble.a(tmppDYYCYpebble.o)
 .text.animation_legacy2_is_scheduled
                0x0000000000000000        0xc /Users/brbuller/Development/pebble/PebbleSDK-3.0-dp1/Pebble/basalt/lib/libpebble.a(tmppDYYCYpebble.o)
 .text.animation_legacy2_schedule
                0x0000000000000000        0xc /Users/brbuller/Development/pebble/PebbleSDK-3.0-dp1/Pebble/basalt/lib/libpebble.a(tmppDYYCYpebble.o)
 .text.animation_legacy2_set_curve
                0x0000000000000000        0xc /Users/brbuller/Development/pebble/PebbleSDK-3.0-dp1/Pebble/basalt/lib/libpebble.a(tmppDYYCYpebble.o)
 .text.animation_legacy2_set_delay
                0x0000000000000000        0xc /Users/brbuller/Development/pebble/PebbleSDK-3.0-dp1/Pebble/basalt/lib/libpebble.a(tmppDYYCYpebble.o)
 .text.animation_legacy2_set_duration
                0x0000000000000000        0xc /Users/brbuller/Development/pebble/PebbleSDK-3.0-dp1/Pebble/basalt/lib/libpebble.a(tmppDYYCYpebble.o)
 .text.animation_legacy2_set_handlers
                0x0000000000000000        0xc /Users/brbuller/Development/pebble/PebbleSDK-3.0-dp1/Pebble/basalt/lib/libpebble.a(tmppDYYCYpebble.o)
 .text.animation_legacy2_set_implementation
                0x0000000000000000        0xc /Users/brbuller/Development/pebble/PebbleSDK-3.0-dp1/Pebble/basalt/lib/libpebble.a(tmppDYYCYpebble.o)
 .text.animation_legacy2_unschedule
                0x0000000000000000        0xc /Users/brbuller/Development/pebble/PebbleSDK-3.0-dp1/Pebble/basalt/lib/libpebble.a(tmppDYYCYpebble.o)
 .text.animation_legacy2_unschedule_all
                0x0000000000000000        0xc /Users/brbuller/Development/pebble/PebbleSDK-3.0-dp1/Pebble/basalt/lib/libpebble.a(tmppDYYCYpebble.o)
 .text.app_comm_get_sniff_interval
                0x0000000000000000        0xc /Users/brbuller/Development/pebble/PebbleSDK-3.0-dp1/Pebble/basalt/lib/libpebble.a(tmppDYYCYpebble.o)
 .text.app_comm_set_sniff_interval
                0x0000000000000000        0xc /Users/brbuller/Development/pebble/PebbleSDK-3.0-dp1/Pebble/basalt/lib/libpebble.a(tmppDYYCYpebble.o)
 .text.app_log  0x0000000000000000        0xc /Users/brbuller/Development/pebble/PebbleSDK-3.0-dp1/Pebble/basalt/lib/libpebble.a(tmppDYYCYpebble.o)
 .text.app_message_deregister_callbacks
                0x0000000000000000        0xc /Users/brbuller/Development/pebble/PebbleSDK-3.0-dp1/Pebble/basalt/lib/libpebble.a(tmppDYYCYpebble.o)
 .text.app_sync_get
                0x0000000000000000        0xc /Users/brbuller/Development/pebble/PebbleSDK-3.0-dp1/Pebble/basalt/lib/libpebble.a(tmppDYYCYpebble.o)
 .text.app_timer_cancel
                0x0000000000000000        0xc /Users/brbuller/Development/pebble/PebbleSDK-3.0-dp1/Pebble/basalt/lib/libpebble.a(tmppDYYCYpebble.o)
 .text.app_timer_register
                0x0000000000000000        0xc /Users/brbuller/Development/pebble/PebbleSDK-3.0-dp1/Pebble/basalt/lib/libpebble.a(tmppDYYCYpebble.o)
 .text.app_timer_reschedule
                0x0000000000000000        0xc /Users/brbuller/Development/pebble/PebbleSDK-3.0-dp1/Pebble/basalt/lib/libpebble.a(tmppDYYCYpebble.o)
 .text.atan2_lookup
                0x0000000000000000        0xc /Users/brbuller/Development/pebble/PebbleSDK-3.0-dp1/Pebble/basalt/lib/libpebble.a(tmppDYYCYpebble.o)
 .text.atoi     0x0000000000000000        0xc /Users/brbuller/Development/pebble/PebbleSDK-3.0-dp1/Pebble/basalt/lib/libpebble.a(tmppDYYCYpebble.o)
 .text.atol     0x0000000000000000        0xc /Users/brbuller/Development/pebble/PebbleSDK-3.0-dp1/Pebble/basalt/lib/libpebble.a(tmppDYYCYpebble.o)
 .text.battery_state_service_subscribe
                0x0000000000000000        0xc /Users/brbuller/Development/pebble/PebbleSDK-3.0-dp1/Pebble/basalt/lib/libpebble.a(tmppDYYCYpebble.o)
 .text.bitmap_layer_set_alignment
                0x0000000000000000        0xc /Users/brbuller/Development/pebble/PebbleSDK-3.0-dp1/Pebble/basalt/lib/libpebble.a(tmppDYYCYpebble.o)
 .text.bitmap_layer_set_background_color_2bit
                0x0000000000000000        0xc /Users/brbuller/Development/pebble/PebbleSDK-3.0-dp1/Pebble/basalt/lib/libpebble.a(tmppDYYCYpebble.o)
 .text.bitmap_layer_set_compositing_mode
                0x0000000000000000        0xc /Users/brbuller/Development/pebble/PebbleSDK-3.0-dp1/Pebble/basalt/lib/libpebble.a(tmppDYYCYpebble.o)
 .text.bluetooth_connection_service_subscribe
                0x0000000000000000        0xc /Users/brbuller/Development/pebble/PebbleSDK-3.0-dp1/Pebble/basalt/lib/libpebble.a(tmppDYYCYpebble.o)
 .text.click_number_of_clicks_counted
                0x0000000000000000        0xc /Users/brbuller/Development/pebble/PebbleSDK-3.0-dp1/Pebble/basalt/lib/libpebble.a(tmppDYYCYpebble.o)
 .text.click_recognizer_get_button_id
                0x0000000000000000        0xc /Users/brbuller/Development/pebble/PebbleSDK-3.0-dp1/Pebble/basalt/lib/libpebble.a(tmppDYYCYpebble.o)
 .text.clock_copy_time_string
                0x0000000000000000        0xc /Users/brbuller/Development/pebble/PebbleSDK-3.0-dp1/Pebble/basalt/lib/libpebble.a(tmppDYYCYpebble.o)
 .text.cos_lookup
                0x0000000000000000        0xc /Users/brbuller/Development/pebble/PebbleSDK-3.0-dp1/Pebble/basalt/lib/libpebble.a(tmppDYYCYpebble.o)
 .text.data_logging_create
                0x0000000000000000        0xc /Users/brbuller/Development/pebble/PebbleSDK-3.0-dp1/Pebble/basalt/lib/libpebble.a(tmppDYYCYpebble.o)
 .text.data_logging_finish
                0x0000000000000000        0xc /Users/brbuller/Development/pebble/PebbleSDK-3.0-dp1/Pebble/basalt/lib/libpebble.a(tmppDYYCYpebble.o)
 .text.data_logging_log
                0x0000000000000000        0xc /Users/brbuller/Development/pebble/PebbleSDK-3.0-dp1/Pebble/basalt/lib/libpebble.a(tmppDYYCYpebble.o)
 .text.dict_calc_buffer_size
                0x0000000000000000        0xc /Users/brbuller/Development/pebble/PebbleSDK-3.0-dp1/Pebble/basalt/lib/libpebble.a(tmppDYYCYpebble.o)
 .text.dict_calc_buffer_size_from_tuplets
                0x0000000000000000        0xc /Users/brbuller/Development/pebble/PebbleSDK-3.0-dp1/Pebble/basalt/lib/libpebble.a(tmppDYYCYpebble.o)
 .text.dict_find
                0x0000000000000000        0xc /Users/brbuller/Development/pebble/PebbleSDK-3.0-dp1/Pebble/basalt/lib/libpebble.a(tmppDYYCYpebble.o)
 .text.dict_merge
                0x0000000000000000        0xc /Users/brbuller/Development/pebble/PebbleSDK-3.0-dp1/Pebble/basalt/lib/libpebble.a(tmppDYYCYpebble.o)
 .text.dict_read_begin_from_buffer
                0x0000000000000000        0xc /Users/brbuller/Development/pebble/PebbleSDK-3.0-dp1/Pebble/basalt/lib/libpebble.a(tmppDYYCYpebble.o)
 .text.dict_read_first
                0x0000000000000000        0xc /Users/brbuller/Development/pebble/PebbleSDK-3.0-dp1/Pebble/basalt/lib/libpebble.a(tmppDYYCYpebble.o)
 .text.dict_read_next
                0x0000000000000000        0xc /Users/brbuller/Development/pebble/PebbleSDK-3.0-dp1/Pebble/basalt/lib/libpebble.a(tmppDYYCYpebble.o)
 .text.dict_serialize_tuplets
                0x0000000000000000        0xc /Users/brbuller/Development/pebble/PebbleSDK-3.0-dp1/Pebble/basalt/lib/libpebble.a(tmppDYYCYpebble.o)
 .text.dict_serialize_tuplets_to_buffer__deprecated
                0x0000000000000000        0xc /Users/brbuller/Development/pebble/PebbleSDK-3.0-dp1/Pebble/basalt/lib/libpebble.a(tmppDYYCYpebble.o)
 .text.dict_serialize_tuplets_to_buffer_with_iter
                0x0000000000000000        0xc /Users/brbuller/Development/pebble/PebbleSDK-3.0-dp1/Pebble/basalt/lib/libpebble.a(tmppDYYCYpebble.o)
 .text.dict_write_begin
                0x0000000000000000        0xc /Users/brbuller/Development/pebble/PebbleSDK-3.0-dp1/Pebble/basalt/lib/libpebble.a(tmppDYYCYpebble.o)
 .text.dict_write_cstring
                0x0000000000000000        0xc /Users/brbuller/Development/pebble/PebbleSDK-3.0-dp1/Pebble/basalt/lib/libpebble.a(tmppDYYCYpebble.o)
 .text.dict_write_data
                0x0000000000000000        0xc /Users/brbuller/Development/pebble/PebbleSDK-3.0-dp1/Pebble/basalt/lib/libpebble.a(tmppDYYCYpebble.o)
 .text.dict_write_end
                0x0000000000000000        0xc /Users/brbuller/Development/pebble/PebbleSDK-3.0-dp1/Pebble/basalt/lib/libpebble.a(tmppDYYCYpebble.o)
 .text.dict_write_int
                0x0000000000000000        0xc /Users/brbuller/Development/pebble/PebbleSDK-3.0-dp1/Pebble/basalt/lib/libpebble.a(tmppDYYCYpebble.o)
 .text.dict_write_int16
                0x0000000000000000        0xc /Users/brbuller/Development/pebble/PebbleSDK-3.0-dp1/Pebble/basalt/lib/libpebble.a(tmppDYYCYpebble.o)
 .text.dict_write_int32
                0x0000000000000000        0xc /Users/brbuller/Development/pebble/PebbleSDK-3.0-dp1/Pebble/basalt/lib/libpebble.a(tmppDYYCYpebble.o)
 .text.dict_write_int8
                0x0000000000000000        0xc /Users/brbuller/Development/pebble/PebbleSDK-3.0-dp1/Pebble/basalt/lib/libpebble.a(tmppDYYCYpebble.o)
 .text.dict_write_tuplet
                0x0000000000000000        0xc /Users/brbuller/Development/pebble/PebbleSDK-3.0-dp1/Pebble/basalt/lib/libpebble.a(tmppDYYCYpebble.o)
 .text.dict_write_uint16
                0x0000000000000000        0xc /Users/brbuller/Development/pebble/PebbleSDK-3.0-dp1/Pebble/basalt/lib/libpebble.a(tmppDYYCYpebble.o)
 .text.dict_write_uint32
                0x0000000000000000        0xc /Users/brbuller/Development/pebble/PebbleSDK-3.0-dp1/Pebble/basalt/lib/libpebble.a(tmppDYYCYpebble.o)
 .text.dict_write_uint8
                0x0000000000000000        0xc /Users/brbuller/Development/pebble/PebbleSDK-3.0-dp1/Pebble/basalt/lib/libpebble.a(tmppDYYCYpebble.o)
 .text.fonts_get_system_font
                0x0000000000000000        0xc /Users/brbuller/Development/pebble/PebbleSDK-3.0-dp1/Pebble/basalt/lib/libpebble.a(tmppDYYCYpebble.o)
 .text.free     0x0000000000000000        0xc /Users/brbuller/Development/pebble/PebbleSDK-3.0-dp1/Pebble/basalt/lib/libpebble.a(tmppDYYCYpebble.o)
 .text.gbitmap_create_as_sub_bitmap
                0x0000000000000000        0xc /Users/brbuller/Development/pebble/PebbleSDK-3.0-dp1/Pebble/basalt/lib/libpebble.a(tmppDYYCYpebble.o)
 .text.gbitmap_create_with_data
                0x0000000000000000        0xc /Users/brbuller/Development/pebble/PebbleSDK-3.0-dp1/Pebble/basalt/lib/libpebble.a(tmppDYYCYpebble.o)
 .text.gmtime__deprecated
                0x0000000000000000        0xc /Users/brbuller/Development/pebble/PebbleSDK-3.0-dp1/Pebble/basalt/lib/libpebble.a(tmppDYYCYpebble.o)
 .text.gpath_create
                0x0000000000000000        0xc /Users/brbuller/Development/pebble/PebbleSDK-3.0-dp1/Pebble/basalt/lib/libpebble.a(tmppDYYCYpebble.o)
 .text.gpath_destroy
                0x0000000000000000        0xc /Users/brbuller/Development/pebble/PebbleSDK-3.0-dp1/Pebble/basalt/lib/libpebble.a(tmppDYYCYpebble.o)
 .text.gpath_draw_filled_legacy
                0x0000000000000000        0xc /Users/brbuller/Development/pebble/PebbleSDK-3.0-dp1/Pebble/basalt/lib/libpebble.a(tmppDYYCYpebble.o)
 .text.gpath_draw_outline
                0x0000000000000000        0xc /Users/brbuller/Development/pebble/PebbleSDK-3.0-dp1/Pebble/basalt/lib/libpebble.a(tmppDYYCYpebble.o)
 .text.gpath_move_to
                0x0000000000000000        0xc /Users/brbuller/Development/pebble/PebbleSDK-3.0-dp1/Pebble/basalt/lib/libpebble.a(tmppDYYCYpebble.o)
 .text.gpath_rotate_to
                0x0000000000000000        0xc /Users/brbuller/Development/pebble/PebbleSDK-3.0-dp1/Pebble/basalt/lib/libpebble.a(tmppDYYCYpebble.o)
 .text.gpoint_equal
                0x0000000000000000        0xc /Users/brbuller/Development/pebble/PebbleSDK-3.0-dp1/Pebble/basalt/lib/libpebble.a(tmppDYYCYpebble.o)
 .text.graphics_context_set_compositing_mode
                0x0000000000000000        0xc /Users/brbuller/Development/pebble/PebbleSDK-3.0-dp1/Pebble/basalt/lib/libpebble.a(tmppDYYCYpebble.o)
 .text.graphics_context_set_fill_color_2bit
                0x0000000000000000        0xc /Users/brbuller/Development/pebble/PebbleSDK-3.0-dp1/Pebble/basalt/lib/libpebble.a(tmppDYYCYpebble.o)
 .text.graphics_context_set_stroke_color_2bit
                0x0000000000000000        0xc /Users/brbuller/Development/pebble/PebbleSDK-3.0-dp1/Pebble/basalt/lib/libpebble.a(tmppDYYCYpebble.o)
 .text.graphics_context_set_text_color_2bit
                0x0000000000000000        0xc /Users/brbuller/Development/pebble/PebbleSDK-3.0-dp1/Pebble/basalt/lib/libpebble.a(tmppDYYCYpebble.o)
 .text.graphics_draw_bitmap_in_rect
                0x0000000000000000        0xc /Users/brbuller/Development/pebble/PebbleSDK-3.0-dp1/Pebble/basalt/lib/libpebble.a(tmppDYYCYpebble.o)
 .text.graphics_draw_circle
                0x0000000000000000        0xc /Users/brbuller/Development/pebble/PebbleSDK-3.0-dp1/Pebble/basalt/lib/libpebble.a(tmppDYYCYpebble.o)
 .text.graphics_draw_line
                0x0000000000000000        0xc /Users/brbuller/Development/pebble/PebbleSDK-3.0-dp1/Pebble/basalt/lib/libpebble.a(tmppDYYCYpebble.o)
 .text.graphics_draw_pixel
                0x0000000000000000        0xc /Users/brbuller/Development/pebble/PebbleSDK-3.0-dp1/Pebble/basalt/lib/libpebble.a(tmppDYYCYpebble.o)
 .text.graphics_draw_rect
                0x0000000000000000        0xc /Users/brbuller/Development/pebble/PebbleSDK-3.0-dp1/Pebble/basalt/lib/libpebble.a(tmppDYYCYpebble.o)
 .text.graphics_draw_round_rect
                0x0000000000000000        0xc /Users/brbuller/Development/pebble/PebbleSDK-3.0-dp1/Pebble/basalt/lib/libpebble.a(tmppDYYCYpebble.o)
 .text.graphics_fill_circle
                0x0000000000000000        0xc /Users/brbuller/Development/pebble/PebbleSDK-3.0-dp1/Pebble/basalt/lib/libpebble.a(tmppDYYCYpebble.o)
 .text.graphics_fill_rect
                0x0000000000000000        0xc /Users/brbuller/Development/pebble/PebbleSDK-3.0-dp1/Pebble/basalt/lib/libpebble.a(tmppDYYCYpebble.o)
 .text.graphics_text_layout_get_max_used_size
                0x0000000000000000        0xc /Users/brbuller/Development/pebble/PebbleSDK-3.0-dp1/Pebble/basalt/lib/libpebble.a(tmppDYYCYpebble.o)
 .text.grect_align
                0x0000000000000000        0xc /Users/brbuller/Development/pebble/PebbleSDK-3.0-dp1/Pebble/basalt/lib/libpebble.a(tmppDYYCYpebble.o)
 .text.grect_center_point
                0x0000000000000000        0xc /Users/brbuller/Development/pebble/PebbleSDK-3.0-dp1/Pebble/basalt/lib/libpebble.a(tmppDYYCYpebble.o)
 .text.grect_clip
                0x0000000000000000        0xc /Users/brbuller/Development/pebble/PebbleSDK-3.0-dp1/Pebble/basalt/lib/libpebble.a(tmppDYYCYpebble.o)
 .text.grect_contains_point
                0x0000000000000000        0xc /Users/brbuller/Development/pebble/PebbleSDK-3.0-dp1/Pebble/basalt/lib/libpebble.a(tmppDYYCYpebble.o)
 .text.grect_crop
                0x0000000000000000        0xc /Users/brbuller/Development/pebble/PebbleSDK-3.0-dp1/Pebble/basalt/lib/libpebble.a(tmppDYYCYpebble.o)
 .text.grect_equal
                0x0000000000000000        0xc /Users/brbuller/Development/pebble/PebbleSDK-3.0-dp1/Pebble/basalt/lib/libpebble.a(tmppDYYCYpebble.o)
 .text.grect_is_empty
                0x0000000000000000        0xc /Users/brbuller/Development/pebble/PebbleSDK-3.0-dp1/Pebble/basalt/lib/libpebble.a(tmppDYYCYpebble.o)
 .text.grect_standardize
                0x0000000000000000        0xc /Users/brbuller/Development/pebble/PebbleSDK-3.0-dp1/Pebble/basalt/lib/libpebble.a(tmppDYYCYpebble.o)
 .text.gsize_equal
                0x0000000000000000        0xc /Users/brbuller/Development/pebble/PebbleSDK-3.0-dp1/Pebble/basalt/lib/libpebble.a(tmppDYYCYpebble.o)
 .text.layer_create_with_data
                0x0000000000000000        0xc /Users/brbuller/Development/pebble/PebbleSDK-3.0-dp1/Pebble/basalt/lib/libpebble.a(tmppDYYCYpebble.o)
 .text.layer_destroy
                0x0000000000000000        0xc /Users/brbuller/Development/pebble/PebbleSDK-3.0-dp1/Pebble/basalt/lib/libpebble.a(tmppDYYCYpebble.o)
 .text.layer_get_bounds
                0x0000000000000000        0xc /Users/brbuller/Development/pebble/PebbleSDK-3.0-dp1/Pebble/basalt/lib/libpebble.a(tmppDYYCYpebble.o)
 .text.layer_get_clips
                0x0000000000000000        0xc /Users/brbuller/Development/pebble/PebbleSDK-3.0-dp1/Pebble/basalt/lib/libpebble.a(tmppDYYCYpebble.o)
 .text.layer_get_data
                0x0000000000000000        0xc /Users/brbuller/Development/pebble/PebbleSDK-3.0-dp1/Pebble/basalt/lib/libpebble.a(tmppDYYCYpebble.o)
 .text.layer_get_hidden
                0x0000000000000000        0xc /Users/brbuller/Development/pebble/PebbleSDK-3.0-dp1/Pebble/basalt/lib/libpebble.a(tmppDYYCYpebble.o)
 .text.layer_get_window
                0x0000000000000000        0xc /Users/brbuller/Development/pebble/PebbleSDK-3.0-dp1/Pebble/basalt/lib/libpebble.a(tmppDYYCYpebble.o)
 .text.layer_insert_above_sibling
                0x0000000000000000        0xc /Users/brbuller/Development/pebble/PebbleSDK-3.0-dp1/Pebble/basalt/lib/libpebble.a(tmppDYYCYpebble.o)
 .text.layer_insert_below_sibling
                0x0000000000000000        0xc /Users/brbuller/Development/pebble/PebbleSDK-3.0-dp1/Pebble/basalt/lib/libpebble.a(tmppDYYCYpebble.o)
 .text.layer_mark_dirty
                0x0000000000000000        0xc /Users/brbuller/Development/pebble/PebbleSDK-3.0-dp1/Pebble/basalt/lib/libpebble.a(tmppDYYCYpebble.o)
 .text.layer_remove_child_layers
                0x0000000000000000        0xc /Users/brbuller/Development/pebble/PebbleSDK-3.0-dp1/Pebble/basalt/lib/libpebble.a(tmppDYYCYpebble.o)
 .text.layer_set_bounds
                0x0000000000000000        0xc /Users/brbuller/Development/pebble/PebbleSDK-3.0-dp1/Pebble/basalt/lib/libpebble.a(tmppDYYCYpebble.o)
 .text.layer_set_clips
                0x0000000000000000        0xc /Users/brbuller/Development/pebble/PebbleSDK-3.0-dp1/Pebble/basalt/lib/libpebble.a(tmppDYYCYpebble.o)
 .text.layer_set_update_proc
                0x0000000000000000        0xc /Users/brbuller/Development/pebble/PebbleSDK-3.0-dp1/Pebble/basalt/lib/libpebble.a(tmppDYYCYpebble.o)
 .text.light_enable
                0x0000000000000000        0xc /Users/brbuller/Development/pebble/PebbleSDK-3.0-dp1/Pebble/basalt/lib/libpebble.a(tmppDYYCYpebble.o)
 .text.light_enable_interaction
                0x0000000000000000        0xc /Users/brbuller/Development/pebble/PebbleSDK-3.0-dp1/Pebble/basalt/lib/libpebble.a(tmppDYYCYpebble.o)
 .text.malloc   0x0000000000000000        0xc /Users/brbuller/Development/pebble/PebbleSDK-3.0-dp1/Pebble/basalt/lib/libpebble.a(tmppDYYCYpebble.o)
 .text.memcpy   0x0000000000000000        0xc /Users/brbuller/Development/pebble/PebbleSDK-3.0-dp1/Pebble/basalt/lib/libpebble.a(tmppDYYCYpebble.o)
 .text.memset   0x0000000000000000        0xc /Users/brbuller/Development/pebble/PebbleSDK-3.0-dp1/Pebble/basalt/lib/libpebble.a(tmppDYYCYpebble.o)
 .text.menu_cell_basic_draw
                0x0000000000000000        0xc /Users/brbuller/Development/pebble/PebbleSDK-3.0-dp1/Pebble/basalt/lib/libpebble.a(tmppDYYCYpebble.o)
 .text.menu_cell_basic_header_draw
                0x0000000000000000        0xc /Users/brbuller/Development/pebble/PebbleSDK-3.0-dp1/Pebble/basalt/lib/libpebble.a(tmppDYYCYpebble.o)
 .text.menu_cell_title_draw
                0x0000000000000000        0xc /Users/brbuller/Development/pebble/PebbleSDK-3.0-dp1/Pebble/basalt/lib/libpebble.a(tmppDYYCYpebble.o)
 .text.menu_index_compare
                0x0000000000000000        0xc /Users/brbuller/Development/pebble/PebbleSDK-3.0-dp1/Pebble/basalt/lib/libpebble.a(tmppDYYCYpebble.o)
 .text.menu_layer_create
                0x0000000000000000        0xc /Users/brbuller/Development/pebble/PebbleSDK-3.0-dp1/Pebble/basalt/lib/libpebble.a(tmppDYYCYpebble.o)
 .text.menu_layer_destroy
                0x0000000000000000        0xc /Users/brbuller/Development/pebble/PebbleSDK-3.0-dp1/Pebble/basalt/lib/libpebble.a(tmppDYYCYpebble.o)
 .text.menu_layer_get_layer
                0x0000000000000000        0xc /Users/brbuller/Development/pebble/PebbleSDK-3.0-dp1/Pebble/basalt/lib/libpebble.a(tmppDYYCYpebble.o)
 .text.menu_layer_get_scroll_layer
                0x0000000000000000        0xc /Users/brbuller/Development/pebble/PebbleSDK-3.0-dp1/Pebble/basalt/lib/libpebble.a(tmppDYYCYpebble.o)
 .text.menu_layer_get_selected_index
                0x0000000000000000        0xc /Users/brbuller/Development/pebble/PebbleSDK-3.0-dp1/Pebble/basalt/lib/libpebble.a(tmppDYYCYpebble.o)
 .text.menu_layer_reload_data
                0x0000000000000000        0xc /Users/brbuller/Development/pebble/PebbleSDK-3.0-dp1/Pebble/basalt/lib/libpebble.a(tmppDYYCYpebble.o)
 .text.menu_layer_set_callbacks__deprecated
                0x0000000000000000        0xc /Users/brbuller/Development/pebble/PebbleSDK-3.0-dp1/Pebble/basalt/lib/libpebble.a(tmppDYYCYpebble.o)
 .text.menu_layer_set_click_config_onto_window
                0x0000000000000000        0xc /Users/brbuller/Development/pebble/PebbleSDK-3.0-dp1/Pebble/basalt/lib/libpebble.a(tmppDYYCYpebble.o)
 .text.menu_layer_set_selected_index
                0x0000000000000000        0xc /Users/brbuller/Development/pebble/PebbleSDK-3.0-dp1/Pebble/basalt/lib/libpebble.a(tmppDYYCYpebble.o)
 .text.menu_layer_set_selected_next
                0x0000000000000000        0xc /Users/brbuller/Development/pebble/PebbleSDK-3.0-dp1/Pebble/basalt/lib/libpebble.a(tmppDYYCYpebble.o)
 .text.number_window_create
                0x0000000000000000        0xc /Users/brbuller/Development/pebble/PebbleSDK-3.0-dp1/Pebble/basalt/lib/libpebble.a(tmppDYYCYpebble.o)
 .text.number_window_destroy
                0x0000000000000000        0xc /Users/brbuller/Development/pebble/PebbleSDK-3.0-dp1/Pebble/basalt/lib/libpebble.a(tmppDYYCYpebble.o)
 .text.number_window_get_value
                0x0000000000000000        0xc /Users/brbuller/Development/pebble/PebbleSDK-3.0-dp1/Pebble/basalt/lib/libpebble.a(tmppDYYCYpebble.o)
 .text.number_window_set_label
                0x0000000000000000        0xc /Users/brbuller/Development/pebble/PebbleSDK-3.0-dp1/Pebble/basalt/lib/libpebble.a(tmppDYYCYpebble.o)
 .text.number_window_set_max
                0x0000000000000000        0xc /Users/brbuller/Development/pebble/PebbleSDK-3.0-dp1/Pebble/basalt/lib/libpebble.a(tmppDYYCYpebble.o)
 .text.number_window_set_min
                0x0000000000000000        0xc /Users/brbuller/Development/pebble/PebbleSDK-3.0-dp1/Pebble/basalt/lib/libpebble.a(tmppDYYCYpebble.o)
 .text.number_window_set_step_size
                0x0000000000000000        0xc /Users/brbuller/Development/pebble/PebbleSDK-3.0-dp1/Pebble/basalt/lib/libpebble.a(tmppDYYCYpebble.o)
 .text.number_window_set_value
                0x0000000000000000        0xc /Users/brbuller/Development/pebble/PebbleSDK-3.0-dp1/Pebble/basalt/lib/libpebble.a(tmppDYYCYpebble.o)
 .text.persist_delete
                0x0000000000000000        0xc /Users/brbuller/Development/pebble/PebbleSDK-3.0-dp1/Pebble/basalt/lib/libpebble.a(tmppDYYCYpebble.o)
 .text.persist_get_size
                0x0000000000000000        0xc /Users/brbuller/Development/pebble/PebbleSDK-3.0-dp1/Pebble/basalt/lib/libpebble.a(tmppDYYCYpebble.o)
 .text.persist_read_bool
                0x0000000000000000        0xc /Users/brbuller/Development/pebble/PebbleSDK-3.0-dp1/Pebble/basalt/lib/libpebble.a(tmppDYYCYpebble.o)
 .text.persist_read_data__deprecated
                0x0000000000000000        0xc /Users/brbuller/Development/pebble/PebbleSDK-3.0-dp1/Pebble/basalt/lib/libpebble.a(tmppDYYCYpebble.o)
 .text.persist_read_string__deprecated
                0x0000000000000000        0xc /Users/brbuller/Development/pebble/PebbleSDK-3.0-dp1/Pebble/basalt/lib/libpebble.a(tmppDYYCYpebble.o)
 .text.persist_write_bool
                0x0000000000000000        0xc /Users/brbuller/Development/pebble/PebbleSDK-3.0-dp1/Pebble/basalt/lib/libpebble.a(tmppDYYCYpebble.o)
 .text.persist_write_data__deprecated
                0x0000000000000000        0xc /Users/brbuller/Development/pebble/PebbleSDK-3.0-dp1/Pebble/basalt/lib/libpebble.a(tmppDYYCYpebble.o)
 .text.persist_write_string
                0x0000000000000000        0xc /Users/brbuller/Development/pebble/PebbleSDK-3.0-dp1/Pebble/basalt/lib/libpebble.a(tmppDYYCYpebble.o)
 .text.property_animation_legacy2_create
                0x0000000000000000        0xc /Users/brbuller/Development/pebble/PebbleSDK-3.0-dp1/Pebble/basalt/lib/libpebble.a(tmppDYYCYpebble.o)
 .text.property_animation_legacy2_create_layer_frame
                0x0000000000000000        0xc /Users/brbuller/Development/pebble/PebbleSDK-3.0-dp1/Pebble/basalt/lib/libpebble.a(tmppDYYCYpebble.o)
 .text.property_animation_legacy2_destroy
                0x0000000000000000        0xc /Users/brbuller/Development/pebble/PebbleSDK-3.0-dp1/Pebble/basalt/lib/libpebble.a(tmppDYYCYpebble.o)
 .text.property_animation_legacy2_update_gpoint
                0x0000000000000000        0xc /Users/brbuller/Development/pebble/PebbleSDK-3.0-dp1/Pebble/basalt/lib/libpebble.a(tmppDYYCYpebble.o)
 .text.property_animation_legacy2_update_grect
                0x0000000000000000        0xc /Users/brbuller/Development/pebble/PebbleSDK-3.0-dp1/Pebble/basalt/lib/libpebble.a(tmppDYYCYpebble.o)
 .text.property_animation_legacy2_update_int16
                0x0000000000000000        0xc /Users/brbuller/Development/pebble/PebbleSDK-3.0-dp1/Pebble/basalt/lib/libpebble.a(tmppDYYCYpebble.o)
 .text.psleep   0x0000000000000000        0xc /Users/brbuller/Development/pebble/PebbleSDK-3.0-dp1/Pebble/basalt/lib/libpebble.a(tmppDYYCYpebble.o)
 .text.rand     0x0000000000000000        0xc /Users/brbuller/Development/pebble/PebbleSDK-3.0-dp1/Pebble/basalt/lib/libpebble.a(tmppDYYCYpebble.o)
 .text.resource_load
                0x0000000000000000        0xc /Users/brbuller/Development/pebble/PebbleSDK-3.0-dp1/Pebble/basalt/lib/libpebble.a(tmppDYYCYpebble.o)
 .text.resource_load_byte_range
                0x0000000000000000        0xc /Users/brbuller/Development/pebble/PebbleSDK-3.0-dp1/Pebble/basalt/lib/libpebble.a(tmppDYYCYpebble.o)
 .text.resource_size
                0x0000000000000000        0xc /Users/brbuller/Development/pebble/PebbleSDK-3.0-dp1/Pebble/basalt/lib/libpebble.a(tmppDYYCYpebble.o)
 .text.rot_bitmap_layer_create
                0x0000000000000000        0xc /Users/brbuller/Development/pebble/PebbleSDK-3.0-dp1/Pebble/basalt/lib/libpebble.a(tmppDYYCYpebble.o)
 .text.rot_bitmap_layer_destroy
                0x0000000000000000        0xc /Users/brbuller/Development/pebble/PebbleSDK-3.0-dp1/Pebble/basalt/lib/libpebble.a(tmppDYYCYpebble.o)
 .text.rot_bitmap_layer_increment_angle
                0x0000000000000000        0xc /Users/brbuller/Development/pebble/PebbleSDK-3.0-dp1/Pebble/basalt/lib/libpebble.a(tmppDYYCYpebble.o)
 .text.rot_bitmap_layer_set_angle
                0x0000000000000000        0xc /Users/brbuller/Development/pebble/PebbleSDK-3.0-dp1/Pebble/basalt/lib/libpebble.a(tmppDYYCYpebble.o)
 .text.rot_bitmap_layer_set_corner_clip_color_2bit
                0x0000000000000000        0xc /Users/brbuller/Development/pebble/PebbleSDK-3.0-dp1/Pebble/basalt/lib/libpebble.a(tmppDYYCYpebble.o)
 .text.rot_bitmap_set_compositing_mode
                0x0000000000000000        0xc /Users/brbuller/Development/pebble/PebbleSDK-3.0-dp1/Pebble/basalt/lib/libpebble.a(tmppDYYCYpebble.o)
 .text.rot_bitmap_set_src_ic
                0x0000000000000000        0xc /Users/brbuller/Development/pebble/PebbleSDK-3.0-dp1/Pebble/basalt/lib/libpebble.a(tmppDYYCYpebble.o)
 .text.scroll_layer_add_child
                0x0000000000000000        0xc /Users/brbuller/Development/pebble/PebbleSDK-3.0-dp1/Pebble/basalt/lib/libpebble.a(tmppDYYCYpebble.o)
 .text.scroll_layer_create
                0x0000000000000000        0xc /Users/brbuller/Development/pebble/PebbleSDK-3.0-dp1/Pebble/basalt/lib/libpebble.a(tmppDYYCYpebble.o)
 .text.scroll_layer_destroy
                0x0000000000000000        0xc /Users/brbuller/Development/pebble/PebbleSDK-3.0-dp1/Pebble/basalt/lib/libpebble.a(tmppDYYCYpebble.o)
 .text.scroll_layer_get_content_offset
                0x0000000000000000        0xc /Users/brbuller/Development/pebble/PebbleSDK-3.0-dp1/Pebble/basalt/lib/libpebble.a(tmppDYYCYpebble.o)
 .text.scroll_layer_get_content_size
                0x0000000000000000        0xc /Users/brbuller/Development/pebble/PebbleSDK-3.0-dp1/Pebble/basalt/lib/libpebble.a(tmppDYYCYpebble.o)
 .text.scroll_layer_get_layer
                0x0000000000000000        0xc /Users/brbuller/Development/pebble/PebbleSDK-3.0-dp1/Pebble/basalt/lib/libpebble.a(tmppDYYCYpebble.o)
 .text.scroll_layer_get_shadow_hidden
                0x0000000000000000        0xc /Users/brbuller/Development/pebble/PebbleSDK-3.0-dp1/Pebble/basalt/lib/libpebble.a(tmppDYYCYpebble.o)
 .text.scroll_layer_scroll_down_click_handler
                0x0000000000000000        0xc /Users/brbuller/Development/pebble/PebbleSDK-3.0-dp1/Pebble/basalt/lib/libpebble.a(tmppDYYCYpebble.o)
 .text.scroll_layer_scroll_up_click_handler
                0x0000000000000000        0xc /Users/brbuller/Development/pebble/PebbleSDK-3.0-dp1/Pebble/basalt/lib/libpebble.a(tmppDYYCYpebble.o)
 .text.scroll_layer_set_callbacks
                0x0000000000000000        0xc /Users/brbuller/Development/pebble/PebbleSDK-3.0-dp1/Pebble/basalt/lib/libpebble.a(tmppDYYCYpebble.o)
 .text.scroll_layer_set_click_config_onto_window
                0x0000000000000000        0xc /Users/brbuller/Development/pebble/PebbleSDK-3.0-dp1/Pebble/basalt/lib/libpebble.a(tmppDYYCYpebble.o)
 .text.scroll_layer_set_content_offset
                0x0000000000000000        0xc /Users/brbuller/Development/pebble/PebbleSDK-3.0-dp1/Pebble/basalt/lib/libpebble.a(tmppDYYCYpebble.o)
 .text.scroll_layer_set_content_size
                0x0000000000000000        0xc /Users/brbuller/Development/pebble/PebbleSDK-3.0-dp1/Pebble/basalt/lib/libpebble.a(tmppDYYCYpebble.o)
 .text.scroll_layer_set_context
                0x0000000000000000        0xc /Users/brbuller/Development/pebble/PebbleSDK-3.0-dp1/Pebble/basalt/lib/libpebble.a(tmppDYYCYpebble.o)
 .text.scroll_layer_set_frame
                0x0000000000000000        0xc /Users/brbuller/Development/pebble/PebbleSDK-3.0-dp1/Pebble/basalt/lib/libpebble.a(tmppDYYCYpebble.o)
 .text.scroll_layer_set_shadow_hidden
                0x0000000000000000        0xc /Users/brbuller/Development/pebble/PebbleSDK-3.0-dp1/Pebble/basalt/lib/libpebble.a(tmppDYYCYpebble.o)
 .text.simple_menu_layer_create
                0x0000000000000000        0xc /Users/brbuller/Development/pebble/PebbleSDK-3.0-dp1/Pebble/basalt/lib/libpebble.a(tmppDYYCYpebble.o)
 .text.simple_menu_layer_destroy
                0x0000000000000000        0xc /Users/brbuller/Development/pebble/PebbleSDK-3.0-dp1/Pebble/basalt/lib/libpebble.a(tmppDYYCYpebble.o)
 .text.simple_menu_layer_get_layer
                0x0000000000000000        0xc /Users/brbuller/Development/pebble/PebbleSDK-3.0-dp1/Pebble/basalt/lib/libpebble.a(tmppDYYCYpebble.o)
 .text.simple_menu_layer_get_selected_index
                0x0000000000000000        0xc /Users/brbuller/Development/pebble/PebbleSDK-3.0-dp1/Pebble/basalt/lib/libpebble.a(tmppDYYCYpebble.o)
 .text.simple_menu_layer_set_selected_index
                0x0000000000000000        0xc /Users/brbuller/Development/pebble/PebbleSDK-3.0-dp1/Pebble/basalt/lib/libpebble.a(tmppDYYCYpebble.o)
 .text.sin_lookup
                0x0000000000000000        0xc /Users/brbuller/Development/pebble/PebbleSDK-3.0-dp1/Pebble/basalt/lib/libpebble.a(tmppDYYCYpebble.o)
 .text.snprintf
                0x0000000000000000        0xc /Users/brbuller/Development/pebble/PebbleSDK-3.0-dp1/Pebble/basalt/lib/libpebble.a(tmppDYYCYpebble.o)
 .text.srand    0x0000000000000000        0xc /Users/brbuller/Development/pebble/PebbleSDK-3.0-dp1/Pebble/basalt/lib/libpebble.a(tmppDYYCYpebble.o)
 .text.strcat   0x0000000000000000        0xc /Users/brbuller/Development/pebble/PebbleSDK-3.0-dp1/Pebble/basalt/lib/libpebble.a(tmppDYYCYpebble.o)
 .text.strcmp   0x0000000000000000        0xc /Users/brbuller/Development/pebble/PebbleSDK-3.0-dp1/Pebble/basalt/lib/libpebble.a(tmppDYYCYpebble.o)
 .text.strcpy   0x0000000000000000        0xc /Users/brbuller/Development/pebble/PebbleSDK-3.0-dp1/Pebble/basalt/lib/libpebble.a(tmppDYYCYpebble.o)
 .text.strlen   0x0000000000000000        0xc /Users/brbuller/Development/pebble/PebbleSDK-3.0-dp1/Pebble/basalt/lib/libpebble.a(tmppDYYCYpebble.o)
 .text.strncat  0x0000000000000000        0xc /Users/brbuller/Development/pebble/PebbleSDK-3.0-dp1/Pebble/basalt/lib/libpebble.a(tmppDYYCYpebble.o)
 .text.strncmp  0x0000000000000000        0xc /Users/brbuller/Development/pebble/PebbleSDK-3.0-dp1/Pebble/basalt/lib/libpebble.a(tmppDYYCYpebble.o)
 .text.strncpy  0x0000000000000000        0xc /Users/brbuller/Development/pebble/PebbleSDK-3.0-dp1/Pebble/basalt/lib/libpebble.a(tmppDYYCYpebble.o)
 .text.text_layer_get_content_size
                0x0000000000000000        0xc /Users/brbuller/Development/pebble/PebbleSDK-3.0-dp1/Pebble/basalt/lib/libpebble.a(tmppDYYCYpebble.o)
 .text.text_layer_get_text
                0x0000000000000000        0xc /Users/brbuller/Development/pebble/PebbleSDK-3.0-dp1/Pebble/basalt/lib/libpebble.a(tmppDYYCYpebble.o)
 .text.text_layer_set_background_color_2bit
                0x0000000000000000        0xc /Users/brbuller/Development/pebble/PebbleSDK-3.0-dp1/Pebble/basalt/lib/libpebble.a(tmppDYYCYpebble.o)
 .text.text_layer_set_overflow_mode
                0x0000000000000000        0xc /Users/brbuller/Development/pebble/PebbleSDK-3.0-dp1/Pebble/basalt/lib/libpebble.a(tmppDYYCYpebble.o)
 .text.text_layer_set_size
                0x0000000000000000        0xc /Users/brbuller/Development/pebble/PebbleSDK-3.0-dp1/Pebble/basalt/lib/libpebble.a(tmppDYYCYpebble.o)
 .text.text_layer_set_text_color_2bit
                0x0000000000000000        0xc /Users/brbuller/Development/pebble/PebbleSDK-3.0-dp1/Pebble/basalt/lib/libpebble.a(tmppDYYCYpebble.o)
 .text.time_ms  0x0000000000000000        0xc /Users/brbuller/Development/pebble/PebbleSDK-3.0-dp1/Pebble/basalt/lib/libpebble.a(tmppDYYCYpebble.o)
 .text.vibes_cancel
                0x0000000000000000        0xc /Users/brbuller/Development/pebble/PebbleSDK-3.0-dp1/Pebble/basalt/lib/libpebble.a(tmppDYYCYpebble.o)
 .text.vibes_double_pulse
                0x0000000000000000        0xc /Users/brbuller/Development/pebble/PebbleSDK-3.0-dp1/Pebble/basalt/lib/libpebble.a(tmppDYYCYpebble.o)
 .text.vibes_enqueue_custom_pattern
                0x0000000000000000        0xc /Users/brbuller/Development/pebble/PebbleSDK-3.0-dp1/Pebble/basalt/lib/libpebble.a(tmppDYYCYpebble.o)
 .text.vibes_long_pulse
                0x0000000000000000        0xc /Users/brbuller/Development/pebble/PebbleSDK-3.0-dp1/Pebble/basalt/lib/libpebble.a(tmppDYYCYpebble.o)
 .text.window_get_click_config_provider
                0x0000000000000000        0xc /Users/brbuller/Development/pebble/PebbleSDK-3.0-dp1/Pebble/basalt/lib/libpebble.a(tmppDYYCYpebble.o)
 .text.window_get_fullscreen
                0x0000000000000000        0xc /Users/brbuller/Development/pebble/PebbleSDK-3.0-dp1/Pebble/basalt/lib/libpebble.a(tmppDYYCYpebble.o)
 .text.window_is_loaded
                0x0000000000000000        0xc /Users/brbuller/Development/pebble/PebbleSDK-3.0-dp1/Pebble/basalt/lib/libpebble.a(tmppDYYCYpebble.o)
 .text.window_set_background_color_2bit
                0x0000000000000000        0xc /Users/brbuller/Development/pebble/PebbleSDK-3.0-dp1/Pebble/basalt/lib/libpebble.a(tmppDYYCYpebble.o)
 .text.window_set_click_config_provider
                0x0000000000000000        0xc /Users/brbuller/Development/pebble/PebbleSDK-3.0-dp1/Pebble/basalt/lib/libpebble.a(tmppDYYCYpebble.o)
 .text.window_set_click_config_provider_with_context
                0x0000000000000000        0xc /Users/brbuller/Development/pebble/PebbleSDK-3.0-dp1/Pebble/basalt/lib/libpebble.a(tmppDYYCYpebble.o)
 .text.window_set_fullscreen
                0x0000000000000000        0xc /Users/brbuller/Development/pebble/PebbleSDK-3.0-dp1/Pebble/basalt/lib/libpebble.a(tmppDYYCYpebble.o)
 .text.window_set_status_bar_icon
                0x0000000000000000        0xc /Users/brbuller/Development/pebble/PebbleSDK-3.0-dp1/Pebble/basalt/lib/libpebble.a(tmppDYYCYpebble.o)
 .text.window_set_window_handlers
                0x0000000000000000        0xc /Users/brbuller/Development/pebble/PebbleSDK-3.0-dp1/Pebble/basalt/lib/libpebble.a(tmppDYYCYpebble.o)
 .text.window_stack_contains_window
                0x0000000000000000        0xc /Users/brbuller/Development/pebble/PebbleSDK-3.0-dp1/Pebble/basalt/lib/libpebble.a(tmppDYYCYpebble.o)
 .text.window_stack_get_top_window
                0x0000000000000000        0xc /Users/brbuller/Development/pebble/PebbleSDK-3.0-dp1/Pebble/basalt/lib/libpebble.a(tmppDYYCYpebble.o)
 .text.window_stack_pop
                0x0000000000000000        0xc /Users/brbuller/Development/pebble/PebbleSDK-3.0-dp1/Pebble/basalt/lib/libpebble.a(tmppDYYCYpebble.o)
 .text.window_stack_pop_all
                0x0000000000000000        0xc /Users/brbuller/Development/pebble/PebbleSDK-3.0-dp1/Pebble/basalt/lib/libpebble.a(tmppDYYCYpebble.o)
 .text.window_stack_remove
                0x0000000000000000        0xc /Users/brbuller/Development/pebble/PebbleSDK-3.0-dp1/Pebble/basalt/lib/libpebble.a(tmppDYYCYpebble.o)
 .text.app_focus_service_subscribe
                0x0000000000000000        0xc /Users/brbuller/Development/pebble/PebbleSDK-3.0-dp1/Pebble/basalt/lib/libpebble.a(tmppDYYCYpebble.o)
 .text.app_focus_service_unsubscribe
                0x0000000000000000        0xc /Users/brbuller/Development/pebble/PebbleSDK-3.0-dp1/Pebble/basalt/lib/libpebble.a(tmppDYYCYpebble.o)
 .text.window_get_user_data
                0x0000000000000000        0xc /Users/brbuller/Development/pebble/PebbleSDK-3.0-dp1/Pebble/basalt/lib/libpebble.a(tmppDYYCYpebble.o)
 .text.window_set_user_data
                0x0000000000000000        0xc /Users/brbuller/Development/pebble/PebbleSDK-3.0-dp1/Pebble/basalt/lib/libpebble.a(tmppDYYCYpebble.o)
 .text.app_message_get_context
                0x0000000000000000        0xc /Users/brbuller/Development/pebble/PebbleSDK-3.0-dp1/Pebble/basalt/lib/libpebble.a(tmppDYYCYpebble.o)
 .text.app_message_inbox_size_maximum
                0x0000000000000000        0xc /Users/brbuller/Development/pebble/PebbleSDK-3.0-dp1/Pebble/basalt/lib/libpebble.a(tmppDYYCYpebble.o)
 .text.app_message_outbox_begin
                0x0000000000000000        0xc /Users/brbuller/Development/pebble/PebbleSDK-3.0-dp1/Pebble/basalt/lib/libpebble.a(tmppDYYCYpebble.o)
 .text.app_message_outbox_send
                0x0000000000000000        0xc /Users/brbuller/Development/pebble/PebbleSDK-3.0-dp1/Pebble/basalt/lib/libpebble.a(tmppDYYCYpebble.o)
 .text.app_message_outbox_size_maximum
                0x0000000000000000        0xc /Users/brbuller/Development/pebble/PebbleSDK-3.0-dp1/Pebble/basalt/lib/libpebble.a(tmppDYYCYpebble.o)
 .text.app_message_register_inbox_dropped
                0x0000000000000000        0xc /Users/brbuller/Development/pebble/PebbleSDK-3.0-dp1/Pebble/basalt/lib/libpebble.a(tmppDYYCYpebble.o)
 .text.app_message_register_inbox_received
                0x0000000000000000        0xc /Users/brbuller/Development/pebble/PebbleSDK-3.0-dp1/Pebble/basalt/lib/libpebble.a(tmppDYYCYpebble.o)
 .text.app_message_register_outbox_failed
                0x0000000000000000        0xc /Users/brbuller/Development/pebble/PebbleSDK-3.0-dp1/Pebble/basalt/lib/libpebble.a(tmppDYYCYpebble.o)
 .text.app_message_register_outbox_sent
                0x0000000000000000        0xc /Users/brbuller/Development/pebble/PebbleSDK-3.0-dp1/Pebble/basalt/lib/libpebble.a(tmppDYYCYpebble.o)
 .text.app_message_set_context
                0x0000000000000000        0xc /Users/brbuller/Development/pebble/PebbleSDK-3.0-dp1/Pebble/basalt/lib/libpebble.a(tmppDYYCYpebble.o)
 .text.window_long_click_subscribe
                0x0000000000000000        0xc /Users/brbuller/Development/pebble/PebbleSDK-3.0-dp1/Pebble/basalt/lib/libpebble.a(tmppDYYCYpebble.o)
 .text.window_multi_click_subscribe
                0x0000000000000000        0xc /Users/brbuller/Development/pebble/PebbleSDK-3.0-dp1/Pebble/basalt/lib/libpebble.a(tmppDYYCYpebble.o)
 .text.window_raw_click_subscribe
                0x0000000000000000        0xc /Users/brbuller/Development/pebble/PebbleSDK-3.0-dp1/Pebble/basalt/lib/libpebble.a(tmppDYYCYpebble.o)
 .text.window_set_click_context
                0x0000000000000000        0xc /Users/brbuller/Development/pebble/PebbleSDK-3.0-dp1/Pebble/basalt/lib/libpebble.a(tmppDYYCYpebble.o)
 .text.window_single_click_subscribe
                0x0000000000000000        0xc /Users/brbuller/Development/pebble/PebbleSDK-3.0-dp1/Pebble/basalt/lib/libpebble.a(tmppDYYCYpebble.o)
 .text.window_single_repeating_click_subscribe
                0x0000000000000000        0xc /Users/brbuller/Development/pebble/PebbleSDK-3.0-dp1/Pebble/basalt/lib/libpebble.a(tmppDYYCYpebble.o)
 .text.graphics_draw_text
                0x0000000000000000        0xc /Users/brbuller/Development/pebble/PebbleSDK-3.0-dp1/Pebble/basalt/lib/libpebble.a(tmppDYYCYpebble.o)
 .text.dict_serialize_tuplets_to_buffer
                0x0000000000000000        0xc /Users/brbuller/Development/pebble/PebbleSDK-3.0-dp1/Pebble/basalt/lib/libpebble.a(tmppDYYCYpebble.o)
 .text.persist_read_data
                0x0000000000000000        0xc /Users/brbuller/Development/pebble/PebbleSDK-3.0-dp1/Pebble/basalt/lib/libpebble.a(tmppDYYCYpebble.o)
 .text.persist_read_string
                0x0000000000000000        0xc /Users/brbuller/Development/pebble/PebbleSDK-3.0-dp1/Pebble/basalt/lib/libpebble.a(tmppDYYCYpebble.o)
 .text.persist_write_data
                0x0000000000000000        0xc /Users/brbuller/Development/pebble/PebbleSDK-3.0-dp1/Pebble/basalt/lib/libpebble.a(tmppDYYCYpebble.o)
 .text.dict_size
                0x0000000000000000        0xc /Users/brbuller/Development/pebble/PebbleSDK-3.0-dp1/Pebble/basalt/lib/libpebble.a(tmppDYYCYpebble.o)
 .text.graphics_text_layout_get_content_size
                0x0000000000000000        0xc /Users/brbuller/Development/pebble/PebbleSDK-3.0-dp1/Pebble/basalt/lib/libpebble.a(tmppDYYCYpebble.o)
 .text.simple_menu_layer_get_menu_layer
                0x0000000000000000        0xc /Users/brbuller/Development/pebble/PebbleSDK-3.0-dp1/Pebble/basalt/lib/libpebble.a(tmppDYYCYpebble.o)
 .text.accel_data_service_subscribe
                0x0000000000000000        0xc /Users/brbuller/Development/pebble/PebbleSDK-3.0-dp1/Pebble/basalt/lib/libpebble.a(tmppDYYCYpebble.o)
 .text.calloc   0x0000000000000000        0xc /Users/brbuller/Development/pebble/PebbleSDK-3.0-dp1/Pebble/basalt/lib/libpebble.a(tmppDYYCYpebble.o)
 .text.bitmap_layer_get_bitmap
                0x0000000000000000        0xc /Users/brbuller/Development/pebble/PebbleSDK-3.0-dp1/Pebble/basalt/lib/libpebble.a(tmppDYYCYpebble.o)
 .text.menu_layer_set_callbacks
                0x0000000000000000        0xc /Users/brbuller/Development/pebble/PebbleSDK-3.0-dp1/Pebble/basalt/lib/libpebble.a(tmppDYYCYpebble.o)
 .text.window_get_click_config_context
                0x0000000000000000        0xc /Users/brbuller/Development/pebble/PebbleSDK-3.0-dp1/Pebble/basalt/lib/libpebble.a(tmppDYYCYpebble.o)
 .text.number_window_get_window
                0x0000000000000000        0xc /Users/brbuller/Development/pebble/PebbleSDK-3.0-dp1/Pebble/basalt/lib/libpebble.a(tmppDYYCYpebble.o)
 .text.realloc  0x0000000000000000        0xc /Users/brbuller/Development/pebble/PebbleSDK-3.0-dp1/Pebble/basalt/lib/libpebble.a(tmppDYYCYpebble.o)
 .text.gbitmap_create_blank_2bit
                0x0000000000000000        0xc /Users/brbuller/Development/pebble/PebbleSDK-3.0-dp1/Pebble/basalt/lib/libpebble.a(tmppDYYCYpebble.o)
 .text.click_recognizer_is_repeating
                0x0000000000000000        0xc /Users/brbuller/Development/pebble/PebbleSDK-3.0-dp1/Pebble/basalt/lib/libpebble.a(tmppDYYCYpebble.o)
 .text.accel_raw_data_service_subscribe
                0x0000000000000000        0xc /Users/brbuller/Development/pebble/PebbleSDK-3.0-dp1/Pebble/basalt/lib/libpebble.a(tmppDYYCYpebble.o)
 .text.app_worker_is_running
                0x0000000000000000        0xc /Users/brbuller/Development/pebble/PebbleSDK-3.0-dp1/Pebble/basalt/lib/libpebble.a(tmppDYYCYpebble.o)
 .text.app_worker_kill
                0x0000000000000000        0xc /Users/brbuller/Development/pebble/PebbleSDK-3.0-dp1/Pebble/basalt/lib/libpebble.a(tmppDYYCYpebble.o)
 .text.app_worker_launch
                0x0000000000000000        0xc /Users/brbuller/Development/pebble/PebbleSDK-3.0-dp1/Pebble/basalt/lib/libpebble.a(tmppDYYCYpebble.o)
 .text.app_worker_message_subscribe
                0x0000000000000000        0xc /Users/brbuller/Development/pebble/PebbleSDK-3.0-dp1/Pebble/basalt/lib/libpebble.a(tmppDYYCYpebble.o)
 .text.app_worker_message_unsubscribe
                0x0000000000000000        0xc /Users/brbuller/Development/pebble/PebbleSDK-3.0-dp1/Pebble/basalt/lib/libpebble.a(tmppDYYCYpebble.o)
 .text.app_worker_send_message
                0x0000000000000000        0xc /Users/brbuller/Development/pebble/PebbleSDK-3.0-dp1/Pebble/basalt/lib/libpebble.a(tmppDYYCYpebble.o)
 .text.worker_event_loop
                0x0000000000000000        0xc /Users/brbuller/Development/pebble/PebbleSDK-3.0-dp1/Pebble/basalt/lib/libpebble.a(tmppDYYCYpebble.o)
 .text.worker_launch_app
                0x0000000000000000        0xc /Users/brbuller/Development/pebble/PebbleSDK-3.0-dp1/Pebble/basalt/lib/libpebble.a(tmppDYYCYpebble.o)
 .text.heap_bytes_free
                0x0000000000000000        0xc /Users/brbuller/Development/pebble/PebbleSDK-3.0-dp1/Pebble/basalt/lib/libpebble.a(tmppDYYCYpebble.o)
 .text.heap_bytes_used
                0x0000000000000000        0xc /Users/brbuller/Development/pebble/PebbleSDK-3.0-dp1/Pebble/basalt/lib/libpebble.a(tmppDYYCYpebble.o)
 .text.compass_service_peek
                0x0000000000000000        0xc /Users/brbuller/Development/pebble/PebbleSDK-3.0-dp1/Pebble/basalt/lib/libpebble.a(tmppDYYCYpebble.o)
 .text.compass_service_set_heading_filter
                0x0000000000000000        0xc /Users/brbuller/Development/pebble/PebbleSDK-3.0-dp1/Pebble/basalt/lib/libpebble.a(tmppDYYCYpebble.o)
 .text.compass_service_subscribe
                0x0000000000000000        0xc /Users/brbuller/Development/pebble/PebbleSDK-3.0-dp1/Pebble/basalt/lib/libpebble.a(tmppDYYCYpebble.o)
 .text.compass_service_unsubscribe
                0x0000000000000000        0xc /Users/brbuller/Development/pebble/PebbleSDK-3.0-dp1/Pebble/basalt/lib/libpebble.a(tmppDYYCYpebble.o)
 .text.uuid_equal
                0x0000000000000000        0xc /Users/brbuller/Development/pebble/PebbleSDK-3.0-dp1/Pebble/basalt/lib/libpebble.a(tmppDYYCYpebble.o)
 .text.uuid_to_string
                0x0000000000000000        0xc /Users/brbuller/Development/pebble/PebbleSDK-3.0-dp1/Pebble/basalt/lib/libpebble.a(tmppDYYCYpebble.o)
 .text.gpath_draw_filled
                0x0000000000000000        0xc /Users/brbuller/Development/pebble/PebbleSDK-3.0-dp1/Pebble/basalt/lib/libpebble.a(tmppDYYCYpebble.o)
 .text.animation_legacy2_set_custom_curve
                0x0000000000000000        0xc /Users/brbuller/Development/pebble/PebbleSDK-3.0-dp1/Pebble/basalt/lib/libpebble.a(tmppDYYCYpebble.o)
 .text.watch_info_get_color
                0x0000000000000000        0xc /Users/brbuller/Development/pebble/PebbleSDK-3.0-dp1/Pebble/basalt/lib/libpebble.a(tmppDYYCYpebble.o)
 .text.watch_info_get_firmware_version
                0x0000000000000000        0xc /Users/brbuller/Development/pebble/PebbleSDK-3.0-dp1/Pebble/basalt/lib/libpebble.a(tmppDYYCYpebble.o)
 .text.watch_info_get_model
                0x0000000000000000        0xc /Users/brbuller/Development/pebble/PebbleSDK-3.0-dp1/Pebble/basalt/lib/libpebble.a(tmppDYYCYpebble.o)
 .text.graphics_capture_frame_buffer_2bit
                0x0000000000000000        0xc /Users/brbuller/Development/pebble/PebbleSDK-3.0-dp1/Pebble/basalt/lib/libpebble.a(tmppDYYCYpebble.o)
 .text.graphics_frame_buffer_is_captured
                0x0000000000000000        0xc /Users/brbuller/Development/pebble/PebbleSDK-3.0-dp1/Pebble/basalt/lib/libpebble.a(tmppDYYCYpebble.o)
 .text.graphics_release_frame_buffer
                0x0000000000000000        0xc /Users/brbuller/Development/pebble/PebbleSDK-3.0-dp1/Pebble/basalt/lib/libpebble.a(tmppDYYCYpebble.o)
 .text.clock_to_timestamp
                0x0000000000000000        0xc /Users/brbuller/Development/pebble/PebbleSDK-3.0-dp1/Pebble/basalt/lib/libpebble.a(tmppDYYCYpebble.o)
 .text.launch_reason
                0x0000000000000000        0xc /Users/brbuller/Development/pebble/PebbleSDK-3.0-dp1/Pebble/basalt/lib/libpebble.a(tmppDYYCYpebble.o)
 .text.wakeup_cancel
                0x0000000000000000        0xc /Users/brbuller/Development/pebble/PebbleSDK-3.0-dp1/Pebble/basalt/lib/libpebble.a(tmppDYYCYpebble.o)
 .text.wakeup_cancel_all
                0x0000000000000000        0xc /Users/brbuller/Development/pebble/PebbleSDK-3.0-dp1/Pebble/basalt/lib/libpebble.a(tmppDYYCYpebble.o)
 .text.wakeup_get_launch_event
                0x0000000000000000        0xc /Users/brbuller/Development/pebble/PebbleSDK-3.0-dp1/Pebble/basalt/lib/libpebble.a(tmppDYYCYpebble.o)
 .text.wakeup_query
                0x0000000000000000        0xc /Users/brbuller/Development/pebble/PebbleSDK-3.0-dp1/Pebble/basalt/lib/libpebble.a(tmppDYYCYpebble.o)
 .text.wakeup_schedule
                0x0000000000000000        0xc /Users/brbuller/Development/pebble/PebbleSDK-3.0-dp1/Pebble/basalt/lib/libpebble.a(tmppDYYCYpebble.o)
 .text.wakeup_service_subscribe
                0x0000000000000000        0xc /Users/brbuller/Development/pebble/PebbleSDK-3.0-dp1/Pebble/basalt/lib/libpebble.a(tmppDYYCYpebble.o)
 .text.clock_is_timezone_set
                0x0000000000000000        0xc /Users/brbuller/Development/pebble/PebbleSDK-3.0-dp1/Pebble/basalt/lib/libpebble.a(tmppDYYCYpebble.o)
 .text.i18n_get_system_locale
                0x0000000000000000        0xc /Users/brbuller/Development/pebble/PebbleSDK-3.0-dp1/Pebble/basalt/lib/libpebble.a(tmppDYYCYpebble.o)
 .text._localeconv_r
                0x0000000000000000        0xc /Users/brbuller/Development/pebble/PebbleSDK-3.0-dp1/Pebble/basalt/lib/libpebble.a(tmppDYYCYpebble.o)
 .text.setlocale
                0x0000000000000000        0xc /Users/brbuller/Development/pebble/PebbleSDK-3.0-dp1/Pebble/basalt/lib/libpebble.a(tmppDYYCYpebble.o)
 .text.mktime   0x0000000000000000        0xc /Users/brbuller/Development/pebble/PebbleSDK-3.0-dp1/Pebble/basalt/lib/libpebble.a(tmppDYYCYpebble.o)
 .text.GColorEq
                0x0000000000000000        0xc /Users/brbuller/Development/pebble/PebbleSDK-3.0-dp1/Pebble/basalt/lib/libpebble.a(tmppDYYCYpebble.o)
 .text.__profiler_init
                0x0000000000000000        0xc /Users/brbuller/Development/pebble/PebbleSDK-3.0-dp1/Pebble/basalt/lib/libpebble.a(tmppDYYCYpebble.o)
 .text.__profiler_print_stats
                0x0000000000000000        0xc /Users/brbuller/Development/pebble/PebbleSDK-3.0-dp1/Pebble/basalt/lib/libpebble.a(tmppDYYCYpebble.o)
 .text.__profiler_start
                0x0000000000000000        0xc /Users/brbuller/Development/pebble/PebbleSDK-3.0-dp1/Pebble/basalt/lib/libpebble.a(tmppDYYCYpebble.o)
 .text.__profiler_stop
                0x0000000000000000        0xc /Users/brbuller/Development/pebble/PebbleSDK-3.0-dp1/Pebble/basalt/lib/libpebble.a(tmppDYYCYpebble.o)
 .text.action_bar_layer_set_background_color
                0x0000000000000000        0xc /Users/brbuller/Development/pebble/PebbleSDK-3.0-dp1/Pebble/basalt/lib/libpebble.a(tmppDYYCYpebble.o)
 .text.bitmap_layer_set_background_color
                0x0000000000000000        0xc /Users/brbuller/Development/pebble/PebbleSDK-3.0-dp1/Pebble/basalt/lib/libpebble.a(tmppDYYCYpebble.o)
 .text.graphics_context_set_fill_color
                0x0000000000000000        0xc /Users/brbuller/Development/pebble/PebbleSDK-3.0-dp1/Pebble/basalt/lib/libpebble.a(tmppDYYCYpebble.o)
 .text.graphics_context_set_stroke_color
                0x0000000000000000        0xc /Users/brbuller/Development/pebble/PebbleSDK-3.0-dp1/Pebble/basalt/lib/libpebble.a(tmppDYYCYpebble.o)
 .text.graphics_context_set_text_color
                0x0000000000000000        0xc /Users/brbuller/Development/pebble/PebbleSDK-3.0-dp1/Pebble/basalt/lib/libpebble.a(tmppDYYCYpebble.o)
 .text.rot_bitmap_layer_set_corner_clip_color
                0x0000000000000000        0xc /Users/brbuller/Development/pebble/PebbleSDK-3.0-dp1/Pebble/basalt/lib/libpebble.a(tmppDYYCYpebble.o)
 .text.window_set_background_color
                0x0000000000000000        0xc /Users/brbuller/Development/pebble/PebbleSDK-3.0-dp1/Pebble/basalt/lib/libpebble.a(tmppDYYCYpebble.o)
 .text.clock_get_timezone
                0x0000000000000000        0xc /Users/brbuller/Development/pebble/PebbleSDK-3.0-dp1/Pebble/basalt/lib/libpebble.a(tmppDYYCYpebble.o)
 .text.gmtime   0x0000000000000000        0xc /Users/brbuller/Development/pebble/PebbleSDK-3.0-dp1/Pebble/basalt/lib/libpebble.a(tmppDYYCYpebble.o)
 .text.animation_create
                0x0000000000000000        0xc /Users/brbuller/Development/pebble/PebbleSDK-3.0-dp1/Pebble/basalt/lib/libpebble.a(tmppDYYCYpebble.o)
 .text.animation_destroy
                0x0000000000000000        0xc /Users/brbuller/Development/pebble/PebbleSDK-3.0-dp1/Pebble/basalt/lib/libpebble.a(tmppDYYCYpebble.o)
 .text.animation_get_context
                0x0000000000000000        0xc /Users/brbuller/Development/pebble/PebbleSDK-3.0-dp1/Pebble/basalt/lib/libpebble.a(tmppDYYCYpebble.o)
 .text.animation_is_scheduled
                0x0000000000000000        0xc /Users/brbuller/Development/pebble/PebbleSDK-3.0-dp1/Pebble/basalt/lib/libpebble.a(tmppDYYCYpebble.o)
 .text.animation_schedule
                0x0000000000000000        0xc /Users/brbuller/Development/pebble/PebbleSDK-3.0-dp1/Pebble/basalt/lib/libpebble.a(tmppDYYCYpebble.o)
 .text.animation_set_curve
                0x0000000000000000        0xc /Users/brbuller/Development/pebble/PebbleSDK-3.0-dp1/Pebble/basalt/lib/libpebble.a(tmppDYYCYpebble.o)
 .text.animation_set_custom_curve
                0x0000000000000000        0xc /Users/brbuller/Development/pebble/PebbleSDK-3.0-dp1/Pebble/basalt/lib/libpebble.a(tmppDYYCYpebble.o)
 .text.animation_set_delay
                0x0000000000000000        0xc /Users/brbuller/Development/pebble/PebbleSDK-3.0-dp1/Pebble/basalt/lib/libpebble.a(tmppDYYCYpebble.o)
 .text.animation_set_duration
                0x0000000000000000        0xc /Users/brbuller/Development/pebble/PebbleSDK-3.0-dp1/Pebble/basalt/lib/libpebble.a(tmppDYYCYpebble.o)
 .text.animation_set_handlers
                0x0000000000000000        0xc /Users/brbuller/Development/pebble/PebbleSDK-3.0-dp1/Pebble/basalt/lib/libpebble.a(tmppDYYCYpebble.o)
 .text.animation_set_implementation
                0x0000000000000000        0xc /Users/brbuller/Development/pebble/PebbleSDK-3.0-dp1/Pebble/basalt/lib/libpebble.a(tmppDYYCYpebble.o)
 .text.animation_unschedule
                0x0000000000000000        0xc /Users/brbuller/Development/pebble/PebbleSDK-3.0-dp1/Pebble/basalt/lib/libpebble.a(tmppDYYCYpebble.o)
 .text.animation_unschedule_all
                0x0000000000000000        0xc /Users/brbuller/Development/pebble/PebbleSDK-3.0-dp1/Pebble/basalt/lib/libpebble.a(tmppDYYCYpebble.o)
 .text.gbitmap_create_blank
                0x0000000000000000        0xc /Users/brbuller/Development/pebble/PebbleSDK-3.0-dp1/Pebble/basalt/lib/libpebble.a(tmppDYYCYpebble.o)
 .text.graphics_capture_frame_buffer
                0x0000000000000000        0xc /Users/brbuller/Development/pebble/PebbleSDK-3.0-dp1/Pebble/basalt/lib/libpebble.a(tmppDYYCYpebble.o)
 .text.graphics_capture_frame_buffer_format
                0x0000000000000000        0xc /Users/brbuller/Development/pebble/PebbleSDK-3.0-dp1/Pebble/basalt/lib/libpebble.a(tmppDYYCYpebble.o)
 .text.property_animation_create
                0x0000000000000000        0xc /Users/brbuller/Development/pebble/PebbleSDK-3.0-dp1/Pebble/basalt/lib/libpebble.a(tmppDYYCYpebble.o)
 .text.property_animation_create_layer_frame
                0x0000000000000000        0xc /Users/brbuller/Development/pebble/PebbleSDK-3.0-dp1/Pebble/basalt/lib/libpebble.a(tmppDYYCYpebble.o)
 .text.property_animation_destroy
                0x0000000000000000        0xc /Users/brbuller/Development/pebble/PebbleSDK-3.0-dp1/Pebble/basalt/lib/libpebble.a(tmppDYYCYpebble.o)
 .text.property_animation_from
                0x0000000000000000        0xc /Users/brbuller/Development/pebble/PebbleSDK-3.0-dp1/Pebble/basalt/lib/libpebble.a(tmppDYYCYpebble.o)
 .text.property_animation_get_animation
                0x0000000000000000        0xc /Users/brbuller/Development/pebble/PebbleSDK-3.0-dp1/Pebble/basalt/lib/libpebble.a(tmppDYYCYpebble.o)
 .text.property_animation_subject
                0x0000000000000000        0xc /Users/brbuller/Development/pebble/PebbleSDK-3.0-dp1/Pebble/basalt/lib/libpebble.a(tmppDYYCYpebble.o)
 .text.property_animation_to
                0x0000000000000000        0xc /Users/brbuller/Development/pebble/PebbleSDK-3.0-dp1/Pebble/basalt/lib/libpebble.a(tmppDYYCYpebble.o)
 .text.property_animation_update_gpoint
                0x0000000000000000        0xc /Users/brbuller/Development/pebble/PebbleSDK-3.0-dp1/Pebble/basalt/lib/libpebble.a(tmppDYYCYpebble.o)
 .text.property_animation_update_grect
                0x0000000000000000        0xc /Users/brbuller/Development/pebble/PebbleSDK-3.0-dp1/Pebble/basalt/lib/libpebble.a(tmppDYYCYpebble.o)
 .text.property_animation_update_int16
                0x0000000000000000        0xc /Users/brbuller/Development/pebble/PebbleSDK-3.0-dp1/Pebble/basalt/lib/libpebble.a(tmppDYYCYpebble.o)
 .text.gbitmap_create_blank_with_palette
                0x0000000000000000        0xc /Users/brbuller/Development/pebble/PebbleSDK-3.0-dp1/Pebble/basalt/lib/libpebble.a(tmppDYYCYpebble.o)
 .text.gbitmap_get_bounds
                0x0000000000000000        0xc /Users/brbuller/Development/pebble/PebbleSDK-3.0-dp1/Pebble/basalt/lib/libpebble.a(tmppDYYCYpebble.o)
 .text.gbitmap_get_bytes_per_row
                0x0000000000000000        0xc /Users/brbuller/Development/pebble/PebbleSDK-3.0-dp1/Pebble/basalt/lib/libpebble.a(tmppDYYCYpebble.o)
 .text.gbitmap_get_data
                0x0000000000000000        0xc /Users/brbuller/Development/pebble/PebbleSDK-3.0-dp1/Pebble/basalt/lib/libpebble.a(tmppDYYCYpebble.o)
 .text.gbitmap_get_format
                0x0000000000000000        0xc /Users/brbuller/Development/pebble/PebbleSDK-3.0-dp1/Pebble/basalt/lib/libpebble.a(tmppDYYCYpebble.o)
 .text.gbitmap_get_palette
                0x0000000000000000        0xc /Users/brbuller/Development/pebble/PebbleSDK-3.0-dp1/Pebble/basalt/lib/libpebble.a(tmppDYYCYpebble.o)
 .text.gbitmap_set_bounds
                0x0000000000000000        0xc /Users/brbuller/Development/pebble/PebbleSDK-3.0-dp1/Pebble/basalt/lib/libpebble.a(tmppDYYCYpebble.o)
 .text.gbitmap_set_data
                0x0000000000000000        0xc /Users/brbuller/Development/pebble/PebbleSDK-3.0-dp1/Pebble/basalt/lib/libpebble.a(tmppDYYCYpebble.o)
 .text.gbitmap_set_palette
                0x0000000000000000        0xc /Users/brbuller/Development/pebble/PebbleSDK-3.0-dp1/Pebble/basalt/lib/libpebble.a(tmppDYYCYpebble.o)
 .text.gbitmap_sequence_create_with_resource
                0x0000000000000000        0xc /Users/brbuller/Development/pebble/PebbleSDK-3.0-dp1/Pebble/basalt/lib/libpebble.a(tmppDYYCYpebble.o)
 .text.gbitmap_sequence_destroy
                0x0000000000000000        0xc /Users/brbuller/Development/pebble/PebbleSDK-3.0-dp1/Pebble/basalt/lib/libpebble.a(tmppDYYCYpebble.o)
 .text.gbitmap_sequence_get_bitmap_size
                0x0000000000000000        0xc /Users/brbuller/Development/pebble/PebbleSDK-3.0-dp1/Pebble/basalt/lib/libpebble.a(tmppDYYCYpebble.o)
 .text.gbitmap_sequence_get_current_frame_idx
                0x0000000000000000        0xc /Users/brbuller/Development/pebble/PebbleSDK-3.0-dp1/Pebble/basalt/lib/libpebble.a(tmppDYYCYpebble.o)
 .text.gbitmap_sequence_get_total_num_frames
                0x0000000000000000        0xc /Users/brbuller/Development/pebble/PebbleSDK-3.0-dp1/Pebble/basalt/lib/libpebble.a(tmppDYYCYpebble.o)
 .text.gbitmap_sequence_update_bitmap_next_frame
                0x0000000000000000        0xc /Users/brbuller/Development/pebble/PebbleSDK-3.0-dp1/Pebble/basalt/lib/libpebble.a(tmppDYYCYpebble.o)
 .text.gbitmap_create_from_png_data
                0x0000000000000000        0xc /Users/brbuller/Development/pebble/PebbleSDK-3.0-dp1/Pebble/basalt/lib/libpebble.a(tmppDYYCYpebble.o)
 .text.animation_clone
                0x0000000000000000        0xc /Users/brbuller/Development/pebble/PebbleSDK-3.0-dp1/Pebble/basalt/lib/libpebble.a(tmppDYYCYpebble.o)
 .text.animation_get_delay
                0x0000000000000000        0xc /Users/brbuller/Development/pebble/PebbleSDK-3.0-dp1/Pebble/basalt/lib/libpebble.a(tmppDYYCYpebble.o)
 .text.animation_get_duration
                0x0000000000000000        0xc /Users/brbuller/Development/pebble/PebbleSDK-3.0-dp1/Pebble/basalt/lib/libpebble.a(tmppDYYCYpebble.o)
 .text.animation_get_play_count
                0x0000000000000000        0xc /Users/brbuller/Development/pebble/PebbleSDK-3.0-dp1/Pebble/basalt/lib/libpebble.a(tmppDYYCYpebble.o)
 .text.animation_get_position
                0x0000000000000000        0xc /Users/brbuller/Development/pebble/PebbleSDK-3.0-dp1/Pebble/basalt/lib/libpebble.a(tmppDYYCYpebble.o)
 .text.animation_get_reverse
                0x0000000000000000        0xc /Users/brbuller/Development/pebble/PebbleSDK-3.0-dp1/Pebble/basalt/lib/libpebble.a(tmppDYYCYpebble.o)
 .text.animation_sequence_create
                0x0000000000000000        0xc /Users/brbuller/Development/pebble/PebbleSDK-3.0-dp1/Pebble/basalt/lib/libpebble.a(tmppDYYCYpebble.o)
 .text.animation_sequence_create_from_array
                0x0000000000000000        0xc /Users/brbuller/Development/pebble/PebbleSDK-3.0-dp1/Pebble/basalt/lib/libpebble.a(tmppDYYCYpebble.o)
 .text.animation_set_play_count
                0x0000000000000000        0xc /Users/brbuller/Development/pebble/PebbleSDK-3.0-dp1/Pebble/basalt/lib/libpebble.a(tmppDYYCYpebble.o)
 .text.animation_set_position
                0x0000000000000000        0xc /Users/brbuller/Development/pebble/PebbleSDK-3.0-dp1/Pebble/basalt/lib/libpebble.a(tmppDYYCYpebble.o)
 .text.animation_set_reverse
                0x0000000000000000        0xc /Users/brbuller/Development/pebble/PebbleSDK-3.0-dp1/Pebble/basalt/lib/libpebble.a(tmppDYYCYpebble.o)
 .text.animation_spawn_create
                0x0000000000000000        0xc /Users/brbuller/Development/pebble/PebbleSDK-3.0-dp1/Pebble/basalt/lib/libpebble.a(tmppDYYCYpebble.o)
 .text.animation_spawn_create_from_array
                0x0000000000000000        0xc /Users/brbuller/Development/pebble/PebbleSDK-3.0-dp1/Pebble/basalt/lib/libpebble.a(tmppDYYCYpebble.o)
 .text          0x0000000000000000        0x0 /Users/brbuller/Development/pebble/PebbleSDK-3.0-dp1/arm-cs-tools/bin/../lib/gcc/arm-none-eabi/4.7.2/thumb2/crtend.o
 .bss           0x0000000000000000        0x0 /Users/brbuller/Development/pebble/PebbleSDK-3.0-dp1/arm-cs-tools/bin/../lib/gcc/arm-none-eabi/4.7.2/thumb2/crtend.o
 .eh_frame      0x0000000000000000        0x4 /Users/brbuller/Development/pebble/PebbleSDK-3.0-dp1/arm-cs-tools/bin/../lib/gcc/arm-none-eabi/4.7.2/thumb2/crtend.o
 .jcr           0x0000000000000000        0x4 /Users/brbuller/Development/pebble/PebbleSDK-3.0-dp1/arm-cs-tools/bin/../lib/gcc/arm-none-eabi/4.7.2/thumb2/crtend.o
 .tm_clone_table
                0x0000000000000000        0x0 /Users/brbuller/Development/pebble/PebbleSDK-3.0-dp1/arm-cs-tools/bin/../lib/gcc/arm-none-eabi/4.7.2/thumb2/crtend.o
 .text          0x0000000000000000        0x0 /Users/brbuller/Development/pebble/PebbleSDK-3.0-dp1/arm-cs-tools/bin/../lib/gcc/arm-none-eabi/4.7.2/thumb2/crtn.o
 .bss           0x0000000000000000        0x0 /Users/brbuller/Development/pebble/PebbleSDK-3.0-dp1/arm-cs-tools/bin/../lib/gcc/arm-none-eabi/4.7.2/thumb2/crtn.o
 .init          0x0000000000000000        0x8 /Users/brbuller/Development/pebble/PebbleSDK-3.0-dp1/arm-cs-tools/bin/../lib/gcc/arm-none-eabi/4.7.2/thumb2/crtn.o
 .fini          0x0000000000000000        0x8 /Users/brbuller/Development/pebble/PebbleSDK-3.0-dp1/arm-cs-tools/bin/../lib/gcc/arm-none-eabi/4.7.2/thumb2/crtn.o

Memory Configuration

Name             Origin             Length             Attributes
APP              0x0000000000000000 0x0000000000010000 xrw
*default*        0x0000000000000000 0xffffffffffffffff

Linker script and memory map

LOAD /Users/brbuller/Development/pebble/PebbleSDK-3.0-dp1/arm-cs-tools/bin/../lib/gcc/arm-none-eabi/4.7.2/thumb2/crti.o
LOAD /Users/brbuller/Development/pebble/PebbleSDK-3.0-dp1/arm-cs-tools/bin/../lib/gcc/arm-none-eabi/4.7.2/thumb2/crtbegin.o
LOAD src/lgs.c.82.o
LOAD basalt/appinfo.auto.c.82.o
LOAD /Users/brbuller/Development/pebble/PebbleSDK-3.0-dp1/Pebble/basalt/lib/libpebble.a
START GROUP
LOAD /Users/brbuller/Development/pebble/PebbleSDK-3.0-dp1/arm-cs-tools/bin/../lib/gcc/arm-none-eabi/4.7.2/thumb2/libgcc.a
LOAD /Users/brbuller/Development/pebble/PebbleSDK-3.0-dp1/arm-cs-tools/bin/../lib/gcc/arm-none-eabi/4.7.2/../../../../arm-none-eabi/lib/thumb2/libc.a
END GROUP
LOAD /Users/brbuller/Development/pebble/PebbleSDK-3.0-dp1/arm-cs-tools/bin/../lib/gcc/arm-none-eabi/4.7.2/thumb2/crtend.o
LOAD /Users/brbuller/Development/pebble/PebbleSDK-3.0-dp1/arm-cs-tools/bin/../lib/gcc/arm-none-eabi/4.7.2/thumb2/crtn.o

.header         0x0000000000000000       0x82
 *(.pbl_header)
 .pbl_header    0x0000000000000000       0x82 basalt/appinfo.auto.c.82.o
                0x0000000000000000                __pbl_app_info

.note.gnu.build-id
                0x0000000000000082       0x26
                0x0000000000000082                PROVIDE (BUILD_ID, .)
 *(.note.gnu.build-id)
 *fill*         0x0000000000000082        0x2 
 .note.gnu.build-id
                0x0000000000000084       0x24 linker stubs

.text           0x00000000000000a8     0x1763
 *(.text)
 .text          0x00000000000000a8       0x14 /Users/brbuller/Development/pebble/PebbleSDK-3.0-dp1/Pebble/basalt/lib/libpebble.a(tmppDYYCYpebble.o)
 *(.text.*)
 .text.app_error_callback
                0x00000000000000bc        0x2 src/lgs.c.82.o
 .text.setup_text_layer
                0x00000000000000be       0x38 src/lgs.c.82.o
 *fill*         0x00000000000000f6        0x2 
 .text.handle_bluetooth
                0x00000000000000f8       0x7c src/lgs.c.82.o
                0x00000000000000f8                handle_bluetooth
 .text.handle_battery
                0x0000000000000174      0x11c src/lgs.c.82.o
                0x0000000000000174                handle_battery
 .text.change_background
                0x0000000000000290       0x70 src/lgs.c.82.o
                0x0000000000000290                change_background
 .text.update_status
                0x0000000000000300       0x3a src/lgs.c.82.o
                0x0000000000000300                update_status
 *fill*         0x000000000000033a        0x2 
 .text.hourvibe
                0x000000000000033c       0x20 src/lgs.c.82.o
                0x000000000000033c                hourvibe
 .text.handle_tick
                0x000000000000035c      0x1ec src/lgs.c.82.o
                0x000000000000035c                handle_tick
 .text.update_time
                0x0000000000000548       0x1c src/lgs.c.82.o
                0x0000000000000548                update_time
 .text.tuple_changed_callback
                0x0000000000000564      0x368 src/lgs.c.82.o
 .text.handle_init
                0x00000000000008cc      0x7b0 src/lgs.c.82.o
                0x00000000000008cc                handle_init
 .text.destroy_graphics
                0x000000000000107c       0x24 src/lgs.c.82.o
                0x000000000000107c                destroy_graphics
 .text.handle_deinit
                0x00000000000010a0      0x13c src/lgs.c.82.o
                0x00000000000010a0                handle_deinit
 .text.startup.main
                0x00000000000011dc       0x12 src/lgs.c.82.o
                0x00000000000011dc                main
 *fill*         0x00000000000011ee        0x2 
 .text.app_event_loop
                0x00000000000011f0        0xc /Users/brbuller/Development/pebble/PebbleSDK-3.0-dp1/Pebble/basalt/lib/libpebble.a(tmppDYYCYpebble.o)
                0x00000000000011f0                app_event_loop
 .text.app_message_open
                0x00000000000011fc        0xc /Users/brbuller/Development/pebble/PebbleSDK-3.0-dp1/Pebble/basalt/lib/libpebble.a(tmppDYYCYpebble.o)
                0x00000000000011fc                app_message_open
 .text.app_sync_deinit
                0x0000000000001208        0xc /Users/brbuller/Development/pebble/PebbleSDK-3.0-dp1/Pebble/basalt/lib/libpebble.a(tmppDYYCYpebble.o)
                0x0000000000001208                app_sync_deinit
 .text.app_sync_init
                0x0000000000001214        0xc /Users/brbuller/Development/pebble/PebbleSDK-3.0-dp1/Pebble/basalt/lib/libpebble.a(tmppDYYCYpebble.o)
                0x0000000000001214                app_sync_init
 .text.app_sync_set
                0x0000000000001220        0xc /Users/brbuller/Development/pebble/PebbleSDK-3.0-dp1/Pebble/basalt/lib/libpebble.a(tmppDYYCYpebble.o)
                0x0000000000001220                app_sync_set
 .text.battery_state_service_peek
                0x000000000000122c        0xc /Users/brbuller/Development/pebble/PebbleSDK-3.0-dp1/Pebble/basalt/lib/libpebble.a(tmppDYYCYpebble.o)
                0x000000000000122c                battery_state_service_peek
 .text.battery_state_service_unsubscribe
                0x0000000000001238        0xc /Users/brbuller/Development/pebble/PebbleSDK-3.0-dp1/Pebble/basalt/lib/libpebble.a(tmppDYYCYpebble.o)
                0x0000000000001238                battery_state_service_unsubscribe
 .text.bitmap_layer_create
                0x0000000000001244        0xc /Users/brbuller/Development/pebble/PebbleSDK-3.0-dp1/Pebble/basalt/lib/libpebble.a(tmppDYYCYpebble.o)
                0x0000000000001244                bitmap_layer_create
 .text.bitmap_layer_destroy
                0x0000000000001250        0xc /Users/brbuller/Development/pebble/PebbleSDK-3.0-dp1/Pebble/basalt/lib/libpebble.a(tmppDYYCYpebble.o)
                0x0000000000001250                bitmap_layer_destroy
 .text.bitmap_layer_get_layer
                0x000000000000125c        0xc /Users/brbuller/Development/pebble/PebbleSDK-3.0-dp1/Pebble/basalt/lib/libpebble.a(tmppDYYCYpebble.o)
                0x000000000000125c                bitmap_layer_get_layer
 .text.bitmap_layer_set_bitmap
                0x0000000000001268        0xc /Users/brbuller/Development/pebble/PebbleSDK-3.0-dp1/Pebble/basalt/lib/libpebble.a(tmppDYYCYpebble.o)
                0x0000000000001268                bitmap_layer_set_bitmap
 .text.bluetooth_connection_service_peek
                0x0000000000001274        0xc /Users/brbuller/Development/pebble/PebbleSDK-3.0-dp1/Pebble/basalt/lib/libpebble.a(tmppDYYCYpebble.o)
                0x0000000000001274                bluetooth_connection_service_peek
 .text.bluetooth_connection_service_unsubscribe
                0x0000000000001280        0xc /Users/brbuller/Development/pebble/PebbleSDK-3.0-dp1/Pebble/basalt/lib/libpebble.a(tmppDYYCYpebble.o)
                0x0000000000001280                bluetooth_connection_service_unsubscribe
 .text.clock_is_24h_style
                0x000000000000128c        0xc /Users/brbuller/Development/pebble/PebbleSDK-3.0-dp1/Pebble/basalt/lib/libpebble.a(tmppDYYCYpebble.o)
                0x000000000000128c                clock_is_24h_style
 .text.fonts_load_custom_font
                0x0000000000001298        0xc /Users/brbuller/Development/pebble/PebbleSDK-3.0-dp1/Pebble/basalt/lib/libpebble.a(tmppDYYCYpebble.o)
                0x0000000000001298                fonts_load_custom_font
 .text.fonts_unload_custom_font
                0x00000000000012a4        0xc /Users/brbuller/Development/pebble/PebbleSDK-3.0-dp1/Pebble/basalt/lib/libpebble.a(tmppDYYCYpebble.o)
                0x00000000000012a4                fonts_unload_custom_font
 .text.gbitmap_create_with_resource
                0x00000000000012b0        0xc /Users/brbuller/Development/pebble/PebbleSDK-3.0-dp1/Pebble/basalt/lib/libpebble.a(tmppDYYCYpebble.o)
                0x00000000000012b0                gbitmap_create_with_resource
 .text.gbitmap_destroy
                0x00000000000012bc        0xc /Users/brbuller/Development/pebble/PebbleSDK-3.0-dp1/Pebble/basalt/lib/libpebble.a(tmppDYYCYpebble.o)
                0x00000000000012bc                gbitmap_destroy
 .text.inverter_layer_create
                0x00000000000012c8        0xc /Users/brbuller/Development/pebble/PebbleSDK-3.0-dp1/Pebble/basalt/lib/libpebble.a(tmppDYYCYpebble.o)
                0x00000000000012c8                inverter_layer_create
 .text.inverter_layer_destroy
                0x00000000000012d4        0xc /Users/brbuller/Development/pebble/PebbleSDK-3.0-dp1/Pebble/basalt/lib/libpebble.a(tmppDYYCYpebble.o)
                0x00000000000012d4                inverter_layer_destroy
 .text.inverter_layer_get_layer
                0x00000000000012e0        0xc /Users/brbuller/Development/pebble/PebbleSDK-3.0-dp1/Pebble/basalt/lib/libpebble.a(tmppDYYCYpebble.o)
                0x00000000000012e0                inverter_layer_get_layer
 .text.layer_add_child
                0x00000000000012ec        0xc /Users/brbuller/Development/pebble/PebbleSDK-3.0-dp1/Pebble/basalt/lib/libpebble.a(tmppDYYCYpebble.o)
                0x00000000000012ec                layer_add_child
 .text.layer_create
                0x00000000000012f8        0xc /Users/brbuller/Development/pebble/PebbleSDK-3.0-dp1/Pebble/basalt/lib/libpebble.a(tmppDYYCYpebble.o)
                0x00000000000012f8                layer_create
 .text.layer_get_frame
                0x0000000000001304        0xc /Users/brbuller/Development/pebble/PebbleSDK-3.0-dp1/Pebble/basalt/lib/libpebble.a(tmppDYYCYpebble.o)
                0x0000000000001304                layer_get_frame
 .text.layer_remove_from_parent
                0x0000000000001310        0xc /Users/brbuller/Development/pebble/PebbleSDK-3.0-dp1/Pebble/basalt/lib/libpebble.a(tmppDYYCYpebble.o)
                0x0000000000001310                layer_remove_from_parent
 .text.layer_set_frame
                0x000000000000131c        0xc /Users/brbuller/Development/pebble/PebbleSDK-3.0-dp1/Pebble/basalt/lib/libpebble.a(tmppDYYCYpebble.o)
                0x000000000000131c                layer_set_frame
 .text.layer_set_hidden
                0x0000000000001328        0xc /Users/brbuller/Development/pebble/PebbleSDK-3.0-dp1/Pebble/basalt/lib/libpebble.a(tmppDYYCYpebble.o)
                0x0000000000001328                layer_set_hidden
 .text.localtime
                0x0000000000001334        0xc /Users/brbuller/Development/pebble/PebbleSDK-3.0-dp1/Pebble/basalt/lib/libpebble.a(tmppDYYCYpebble.o)
                0x0000000000001334                localtime
 .text.memmove  0x0000000000001340        0xc /Users/brbuller/Development/pebble/PebbleSDK-3.0-dp1/Pebble/basalt/lib/libpebble.a(tmppDYYCYpebble.o)
                0x0000000000001340                memmove
 .text.persist_exists
                0x000000000000134c        0xc /Users/brbuller/Development/pebble/PebbleSDK-3.0-dp1/Pebble/basalt/lib/libpebble.a(tmppDYYCYpebble.o)
                0x000000000000134c                persist_exists
 .text.persist_read_int
                0x0000000000001358        0xc /Users/brbuller/Development/pebble/PebbleSDK-3.0-dp1/Pebble/basalt/lib/libpebble.a(tmppDYYCYpebble.o)
                0x0000000000001358                persist_read_int
 .text.persist_write_int
                0x0000000000001364        0xc /Users/brbuller/Development/pebble/PebbleSDK-3.0-dp1/Pebble/basalt/lib/libpebble.a(tmppDYYCYpebble.o)
                0x0000000000001364                persist_write_int
 .text.resource_get_handle
                0x0000000000001370        0xc /Users/brbuller/Development/pebble/PebbleSDK-3.0-dp1/Pebble/basalt/lib/libpebble.a(tmppDYYCYpebble.o)
                0x0000000000001370                resource_get_handle
 .text.strftime
                0x000000000000137c        0xc /Users/brbuller/Development/pebble/PebbleSDK-3.0-dp1/Pebble/basalt/lib/libpebble.a(tmppDYYCYpebble.o)
                0x000000000000137c                strftime
 .text.text_layer_create
                0x0000000000001388        0xc /Users/brbuller/Development/pebble/PebbleSDK-3.0-dp1/Pebble/basalt/lib/libpebble.a(tmppDYYCYpebble.o)
                0x0000000000001388                text_layer_create
 .text.text_layer_destroy
                0x0000000000001394        0xc /Users/brbuller/Development/pebble/PebbleSDK-3.0-dp1/Pebble/basalt/lib/libpebble.a(tmppDYYCYpebble.o)
                0x0000000000001394                text_layer_destroy
 .text.text_layer_get_layer
                0x00000000000013a0        0xc /Users/brbuller/Development/pebble/PebbleSDK-3.0-dp1/Pebble/basalt/lib/libpebble.a(tmppDYYCYpebble.o)
                0x00000000000013a0                text_layer_get_layer
 .text.text_layer_set_font
                0x00000000000013ac        0xc /Users/brbuller/Development/pebble/PebbleSDK-3.0-dp1/Pebble/basalt/lib/libpebble.a(tmppDYYCYpebble.o)
                0x00000000000013ac                text_layer_set_font
 .text.text_layer_set_text
                0x00000000000013b8        0xc /Users/brbuller/Development/pebble/PebbleSDK-3.0-dp1/Pebble/basalt/lib/libpebble.a(tmppDYYCYpebble.o)
                0x00000000000013b8                text_layer_set_text
 .text.text_layer_set_text_alignment
                0x00000000000013c4        0xc /Users/brbuller/Development/pebble/PebbleSDK-3.0-dp1/Pebble/basalt/lib/libpebble.a(tmppDYYCYpebble.o)
                0x00000000000013c4                text_layer_set_text_alignment
 .text.tick_timer_service_subscribe
                0x00000000000013d0        0xc /Users/brbuller/Development/pebble/PebbleSDK-3.0-dp1/Pebble/basalt/lib/libpebble.a(tmppDYYCYpebble.o)
                0x00000000000013d0                tick_timer_service_subscribe
 .text.tick_timer_service_unsubscribe
                0x00000000000013dc        0xc /Users/brbuller/Development/pebble/PebbleSDK-3.0-dp1/Pebble/basalt/lib/libpebble.a(tmppDYYCYpebble.o)
                0x00000000000013dc                tick_timer_service_unsubscribe
 .text.time     0x00000000000013e8        0xc /Users/brbuller/Development/pebble/PebbleSDK-3.0-dp1/Pebble/basalt/lib/libpebble.a(tmppDYYCYpebble.o)
                0x00000000000013e8                time
 .text.vibes_short_pulse
                0x00000000000013f4        0xc /Users/brbuller/Development/pebble/PebbleSDK-3.0-dp1/Pebble/basalt/lib/libpebble.a(tmppDYYCYpebble.o)
                0x00000000000013f4                vibes_short_pulse
 .text.window_create
                0x0000000000001400        0xc /Users/brbuller/Development/pebble/PebbleSDK-3.0-dp1/Pebble/basalt/lib/libpebble.a(tmppDYYCYpebble.o)
                0x0000000000001400                window_create
 .text.window_destroy
                0x000000000000140c        0xc /Users/brbuller/Development/pebble/PebbleSDK-3.0-dp1/Pebble/bas000       0xc0 src/lgs.c.81.o

.debug_line     0x0000000000000000      0x86d
 .debug_line    0x0000000000000000      0x71e src/lgs.c.81.o
 .debug_line    0x000000000000071e      0x14f aplite/appinfo.auto.c.81.o

.debug_str      0x0000000000000000     0x1671
 .debug_str     0x0000000000000000     0x145e src/lgs.c.81.o
                                       0x153f (size before relaxing)
 .debug_str     0x000000000000145e      0x213 aplite/appinfo.auto.c.81.o
                                        0x6df (size before relaxing)

.debug_frame    0x0000000000000000      0x190
 .debug_frame   0x0000000000000000      0x190 src/lgs.c.81.o
           0x0000000000001430        0xc /Users/brbuller/Development/pebble/PebbleSDK-3.0-dp1/Pebble/basalt/lib/libpebble.a(tmppDYYCYpebble.o)
                0x0000000000001430                text_layer_set_background_color
 .text.text_layer_set_text_color
                0x000000000000143c        0xc /Users/brbuller/Development/pebble/PebbleSDK-3.0-dp1/Pebble/basalt/lib/libpebble.a(tmppDYYCYpebble.o)
                0x000000000000143c                text_layer_set_text_color
 *(.rodata)
 .rodata        0x0000000000001448        0x8 src/lgs.c.82.o
 *(.rodata*)
 .rodata.WEATHER_ICONS
                0x0000000000001450       0x3c src/lgs.c.82.o
 .rodata.highlight_rect
                0x000000000000148c      0x1f8 src/lgs.c.82.o
 .rodata.str1.1
                0x0000000000001684      0x187 src/lgs.c.82.o
                                        0x18e (size before relaxing)

.glue_7         0x000000000000180c        0x0
 .glue_7        0x0000000000000000        0x0 linker stubs

.glue_7t        0x000000000000180c        0x0
 .glue_7t       0x0000000000000000        0x0 linker stubs

.vfp11_veneer   0x000000000000180c        0x0
 .vfp11_veneer  0x0000000000000000        0x0 linker stubs

.v4_bx          0x000000000000180c        0x0
 .v4_bx         0x0000000000000000        0x0 linker stubs

.iplt           0x000000000000180c        0x0
 .iplt          0x0000000000000000        0x0 /Users/brbuller/Development/pebble/PebbleSDK-3.0-dp1/arm-cs-tools/bin/../lib/gcc/arm-none-eabi/4.7.2/thumb2/crtbegin.o

.rel.dyn        0x000000000000180c        0x0
 .rel.iplt      0x0000000000000000        0x0 /Users/brbuller/Development/pebble/PebbleSDK-3.0-dp1/arm-cs-tools/bin/../lib/gcc/arm-none-eabi/4.7.2/thumb2/crtbegin.o
 .rel.got       0x0000000000000000        0x0 /Users/brbuller/Development/pebble/PebbleSDK-3.0-dp1/arm-cs-tools/bin/../lib/gcc/arm-none-eabi/4.7.2/thumb2/crtbegin.o

.data           0x000000000000180c      0x12c
 *(.data)
 .data          0x000000000000180c        0x0 /Users/brbuller/Development/pebble/PebbleSDK-3.0-dp1/arm-cs-tools/bin/../lib/gcc/arm-none-eabi/4.7.2/thumb2/crti.o
 .data          0x000000000000180c        0x4 /Users/brbuller/Development/pebble/PebbleSDK-3.0-dp1/arm-cs-tools/bin/../lib/gcc/arm-none-eabi/4.7.2/thumb2/crtbegin.o
                0x000000000000180c                __dso_handle
 .data          0x0000000000001810        0x0 src/lgs.c.82.o
 .data          0x0000000000001810        0x0 basalt/appinfo.auto.c.82.o
 .data          0x0000000000001810        0x0 /Users/brbuller/Development/pebble/PebbleSDK-3.0-dp1/Pebble/basalt/lib/libpebble.a(tmppDYYCYpebble.o)
 .data          0x0000000000001810        0x0 /Users/brbuller/Development/pebble/PebbleSDK-3.0-dp1/arm-cs-tools/bin/../lib/gcc/arm-none-eabi/4.7.2/thumb2/crtend.o
 .data          0x0000000000001810        0x0 /Users/brbuller/Development/pebble/PebbleSDK-3.0-dp1/arm-cs-tools/bin/../lib/gcc/arm-none-eabi/4.7.2/thumb2/crtn.o
 *(.data.*)
 .data.rel.ro.local.date_formats
                0x0000000000001810       0x24 src/lgs.c.82.o
 .data.SECS_RECT
                0x0000000000001834        0x8 src/lgs.c.82.o
                0x0000000000001834                SECS_RECT
 .data.OFF_WEEK_RECT
                0x000000000000183c        0x8 src/lgs.c.82.o
                0x000000000000183c                OFF_WEEK_RECT
 .data.BATT_RECT
                0x0000000000001844        0x8 src/lgs.c.82.o
                0x0000000000001844                BATT_RECT
 .data.ICON_RECT
                0x000000000000184c        0x8 src/lgs.c.82.o
                0x000000000000184c                ICON_RECT
 .data.WEEK_RECT
                0x0000000000001854        0x8 src/lgs.c.82.o
                0x0000000000001854                WEEK_RECT
 .data.OFF_DATE_RECT
                0x000000000000185c        0x8 src/lgs.c.82.o
                0x000000000000185c                OFF_DATE_RECT
 .data.rel.ro.local.day_lines
                0x0000000000001864       0x24 src/lgs.c.82.o
 .data.TIME_RECT
                0x0000000000001888        0x8 src/lgs.c.82.o
                0x0000000000001888                TIME_RECT
 .data.DAYS_RECT
                0x0000000000001890        0x8 src/lgs.c.82.o
                0x0000000000001890                DAYS_RECT
 .data.rel.ro.local.week_formats
                0x0000000000001898       0x24 src/lgs.c.82.o
 .data.ampm_text
                0x00000000000018bc        0x4 src/lgs.c.82.o
 .data.TEMP_1_RECT
                0x00000000000018c0        0x8 src/lgs.c.82.o
                0x00000000000018c0                TEMP_1_RECT
 .data.rel.ro.local.alt_formats
                0x00000000000018c8       0x18 src/lgs.c.82.o
 .data.date_text
                0x00000000000018e0       0x10 src/lgs.c.82.o
 .data.BT_RECT  0x00000000000018f0        0x8 src/lgs.c.82.o
                0x00000000000018f0                BT_RECT
 .data.secs_text
                0x00000000000018f8        0x3 src/lgs.c.82.o
 .data.time_text
                0x00000000000018fb        0x5 src/lgs.c.82.o
 .data.DATE_RECT
                0x0000000000001900        0x8 src/lgs.c.82.o
                0x0000000000001900                DATE_RECT
 .data.TEMP_2_RECT
                0x0000000000001908        0x8 src/lgs.c.82.o
                0x0000000000001908                TEMP_2_RECT
 .data.alt_text
                0x0000000000001910       0x10 src/lgs.c.82.o
 .data.AMPM_RECT
                0x0000000000001920        0x8 src/lgs.c.82.o
                0x0000000000001920                AMPM_RECT
 .data.week_text
                0x0000000000001928       0x10 src/lgs.c.82.o

.igot.plt       0x0000000000001938        0x0
 .igot.plt      0x0000000000000000        0x0 /Users/brbuller/Development/pebble/PebbleSDK-3.0-dp1/arm-cs-tools/bin/../lib/gcc/arm-none-eabi/4.7.2/thumb2/crtbegin.o

.got            0x0000000000001938        0xc
 .got           0x0000000000001938        0xc /Users/brbuller/Development/pebble/PebbleSDK-3.0-dp1/arm-cs-tools/bin/../lib/gcc/arm-none-eabi/4.7.2/thumb2/crtbegin.o

.got.plt        0x0000000000001944        0xc
 .got.plt       0x0000000000001944        0xc /Users/brbuller/Development/pebble/PebbleSDK-3.0-dp1/arm-cs-tools/bin/../lib/gcc/arm-none-eabi/4.7.2/thumb2/crtbegin.o
                0x0000000000001944                _GLOBAL_OFFSET_TABLE_

.bss            0x0000000000001950      0x1a0
 *(.bss)
 *(.bss.*)
 .bss.text_secs_layer
                0x0000000000001950        0x4 src/lgs.c.82.o
 .bss.hourlyvibe
                0x0000000000001954        0x4 src/lgs.c.82.o
 .bss.sync_buffer
                0x0000000000001958      0x100 src/lgs.c.82.o
 .bss.current_status
                0x0000000000001a58        0x1 src/lgs.c.82.o
 *fill*         0x0000000000001a59        0x3 
 .bss.trekinverter_layer
                0x0000000000001a5c        0x4 src/lgs.c.82.o
                0x0000000000001a5c                trekinverter_layer
 .bss.bluetoothvibe_status
                0x0000000000001a60        0x1 src/lgs.c.82.o
 *fill*         0x0000000000001a61        0x3 
 .bss.app       0x0000000000001a64       0x20 src/lgs.c.82.o
 .bss.window    0x0000000000001a84        0x4 src/lgs.c.82.o
 .bss.EMPTY_RECT
                0x0000000000001a88        0x8 src/lgs.c.82.o
                0x0000000000001a88                EMPTY_RECT
 .bss.text_date_layer
                0x0000000000001a90        0x4 src/lgs.c.82.o
 .bss.font_date
                0x0000000000001a94        0x4 src/lgs.c.82.o
 .bss.bluetooth_image
                0x0000000000001a98        0x4 src/lgs.c.82.o
 .bss.font_time
                0x0000000000001a9c        0x4 src/lgs.c.82.o
 .bss.prev_bt_status
                0x0000000000001aa0        0x1 src/lgs.c.82.o
 *fill*         0x0000000000001aa1        0x3 
 .bss.text_time_layer
                0x0000000000001aa4        0x4 src/lgs.c.82.o
 .bss.battery_image
                0x0000000000001aa8        0x4 src/lgs.c.82.o
 .bss.text_days_layer
                0x0000000000001aac        0x4 src/lgs.c.82.o
 .bss.current_format
                0x0000000000001ab0        0x1 src/lgs.c.82.o
 *fill*         0x0000000000001ab1        0x3 
 .bss.background_image
                0x0000000000001ab4        0x4 src/lgs.c.82.o
 .bss.text_week_layer
                0x0000000000001ab8        0x4 src/lgs.c.82.o
 .bss.battery_layer
                0x0000000000001abc        0x4 src/lgs.c.82.o
 .bss.invert_format
                0x0000000000001ac0        0x1 src/lgs.c.82.o
 *fill*         0x0000000000001ac1        0x3 
 .bss.font_days
                0x0000000000001ac4        0x4 src/lgs.c.82.o
 .bss.text_ampm_layer
                0x0000000000001ac8        0x4 src/lgs.c.82.o
 .bss.current_language
                0x0000000000001acc        0x1 src/lgs.c.82.o
 .bss.hourlyvibe_status
                0x0000000000001acd        0x1 src/lgs.c.82.o
 .bss.appStarted
                0x0000000000001ace        0x1 src/lgs.c.82.o
 *fill*         0x0000000000001acf        0x1 
 .bss.currentDayLayer
                0x0000000000001ad0        0x4 src/lgs.c.82.o
 .bss.icon_bitmap
                0x0000000000001ad4        0x4 src/lgs.c.82.o
                0x0000000000001ad4                icon_bitmap
 .bss.bluetooth_layer
                0x0000000000001ad8        0x4 src/lgs.c.82.o
 .bss.secs_status
                0x0000000000001adc        0x1 src/lgs.c.82.o
 .bss.weather_status
                0x0000000000001add        0x1 src/lgs.c.82.o
 *fill*         0x0000000000001ade        0x2 
 .bss.background_layer
                0x0000000000001ae0        0x4 src/lgs.c.82.o
 COMMON         0x0000000000001ae4        0xc src/lgs.c.82.o
                0x0000000000001ae4                temp_layer_1
                0x0000000000001ae8                icon_layer
                0x0000000000001aec                temp_layer_2

DISCARD
 libc.a(*)
 libm.a(*)
 libgcc.a(*)
 *(.eh_frame)
OUTPUT(/Users/brbuller/Development/pebble/pebbleface-trekv2/build/basalt/pebble-app.elf elf32-littlearm)

.ARM.attributes
                0x0000000000000000       0x27
 .ARM.attributes
                0x0000000000000000       0x19 /Users/brbuller/Development/pebble/PebbleSDK-3.0-dp1/arm-cs-tools/bin/../lib/gcc/arm-none-eabi/4.7.2/thumb2/crti.o
 .ARM.attributes
                0x0000000000000019       0x29 /Users/brbuller/Development/pebble/PebbleSDK-3.0-dp1/arm-cs-tools/bin/../lib/gcc/arm-none-eabi/4.7.2/thumb2/crtbegin.o
 .ARM.attributes
                0x0000000000000042       0x33 src/lgs.c.82.o
 .ARM.attributes
                0x0000000000000075       0x33 basalt/appinfo.auto.c.82.o
 .ARM.attributes
                0x00000000000000a8       0x21 /Users/brbuller/Development/pebble/PebbleSDK-3.0-dp1/Pebble/basalt/lib/libpebble.a(tmppDYYCYpebble.o)
 .ARM.attributes
                0x00000000000000c9       0x29 /Users/brbuller/Development/pebble/PebbleSDK-3.0-dp1/arm-cs-tools/bin/../lib/gcc/arm-none-eabi/4.7.2/thumb2/crtend.o
 .ARM.attributes
                0x00000000000000f2       0x19 /Users/brbuller/Development/pebble/PebbleSDK-3.0-dp1/arm-cs-tools/bin/../lib/gcc/arm-none-eabi/4.7.2/thumb2/crtn.o

.comment        0x0000000000000000       0x4e
 .comment       0x0000000000000000       0x4e /Users/brbuller/Development/pebble/PebbleSDK-3.0-dp1/arm-cs-tools/bin/../lib/gcc/arm-none-eabi/4.7.2/thumb2/crtbegin.o
                                         0x4f (size before relaxing)
 .comment       0x0000000000000000       0x4f src/lgs.c.82.o
 .comment       0x0000000000000000       0x4f basalt/appinfo.auto.c.82.o
 .comment       0x0000000000000000       0x4f /Users/brbuller/Development/pebble/PebbleSDK-3.0-dp1/arm-cs-tools/bin/../lib/gcc/arm-none-eabi/4.7.2/thumb2/crtend.o

.debug_info     0x0000000000000000     0x299d
 .debug_info    0x0000000000000000     0x2596 src/lgs.c.82.o
 .debug_info    0x0000000000002596      0x407 basalt/appinfo.auto.c.82.o

.debug_abbrev   0x0000000000000000      0x4c0
 .debug_abbrev  0x0000000000000000      0x422 src/lgs.c.82.o
 .debug_abbrev  0x0000000000000422       0x9e basalt/appinfo.auto.c.82.o

.debug_loc      0x0000000000000000      0x5e0
 .debug_loc     0x0000000000000000      0x5e0 src/lgs.c.82.o

.debug_aranges  0x0000000000000000       0xa0
 .debug_aranges
                0x0000000000000000       0x88 src/lgs.c.82.o
 .debug_aranges
                0x0000000000000088       0x18 basalt/appinfo.auto.c.82.o

.debug_ranges   0x0000000000000000       0xc0
 .debug_ranges  0x0000000000000000       0xc0 src/lgs.c.82.o

.debug_line     0x0000000000000000      0x863
 .debug_line    0x0000000000000000      0x714 src/lgs.c.82.o
 .debug_line    0x0000000000000714      0x14f basalt/appinfo.auto.c.82.o

.debug_str      0x0000000000000000     0x1628
 .debug_str     0x0000000000000000     0x140f src/lgs.c.82.o
                                       0x14dd (size before relaxing)
 .debug_str     0x000000000000140f      0x219 basalt/appinfo.auto.c.82.o
                                        0x6df (size before relaxing)

.debug_frame    0x0000000000000000      0x190
 .debug_frame   0x0000000000000000      0x190 src/lgs.c.82.o
